Component: Arm Compiler for Embedded 6.22 Tool: armlink [5ee90200]

==============================================================================

Section Cross References

    startup_gd32e23x.o(RESET) refers to startup_gd32e23x.o(STACK) for __initial_sp
    startup_gd32e23x.o(RESET) refers to startup_gd32e23x.o(.text) for Reset_Handler
    startup_gd32e23x.o(.text) refers to system_gd32e23x.o(.text.SystemInit) for SystemInit
    startup_gd32e23x.o(.text) refers to entry.o(.ARM.Collect$$$$00000000) for __main
    system_gd32e23x.o(.text.SystemInit) refers to system_gd32e23x.o(.text._soft_delay_) for _soft_delay_
    system_gd32e23x.o(.text.SystemInit) refers to system_gd32e23x.o(.text.system_clock_config) for system_clock_config
    system_gd32e23x.o(.text.SystemInit) refers to gd32e23x_misc.o(.text.nvic_vector_table_set) for nvic_vector_table_set
    system_gd32e23x.o(.ARM.exidx.text.SystemInit) refers to system_gd32e23x.o(.text.SystemInit) for [Anonymous Symbol]
    system_gd32e23x.o(.ARM.exidx.text._soft_delay_) refers to system_gd32e23x.o(.text._soft_delay_) for [Anonymous Symbol]
    system_gd32e23x.o(.text.system_clock_config) refers to system_gd32e23x.o(.text.system_clock_72m_irc8m) for system_clock_72m_irc8m
    system_gd32e23x.o(.ARM.exidx.text.system_clock_config) refers to system_gd32e23x.o(.text.system_clock_config) for [Anonymous Symbol]
    system_gd32e23x.o(.text.SystemCoreClockUpdate) refers to system_gd32e23x.o(.data.SystemCoreClock) for SystemCoreClock
    system_gd32e23x.o(.ARM.exidx.text.SystemCoreClockUpdate) refers to system_gd32e23x.o(.text.SystemCoreClockUpdate) for [Anonymous Symbol]
    system_gd32e23x.o(.ARM.exidx.text.gd32e23x_firmware_version_get) refers to system_gd32e23x.o(.text.gd32e23x_firmware_version_get) for [Anonymous Symbol]
    system_gd32e23x.o(.ARM.exidx.text.system_clock_72m_irc8m) refers to system_gd32e23x.o(.text.system_clock_72m_irc8m) for [Anonymous Symbol]
    gd32e23x_adc.o(.text.adc_deinit) refers to gd32e23x_rcu.o(.text.rcu_periph_reset_enable) for rcu_periph_reset_enable
    gd32e23x_adc.o(.text.adc_deinit) refers to gd32e23x_rcu.o(.text.rcu_periph_reset_disable) for rcu_periph_reset_disable
    gd32e23x_adc.o(.ARM.exidx.text.adc_deinit) refers to gd32e23x_adc.o(.text.adc_deinit) for [Anonymous Symbol]
    gd32e23x_adc.o(.ARM.exidx.text.adc_enable) refers to gd32e23x_adc.o(.text.adc_enable) for [Anonymous Symbol]
    gd32e23x_adc.o(.ARM.exidx.text.adc_disable) refers to gd32e23x_adc.o(.text.adc_disable) for [Anonymous Symbol]
    gd32e23x_adc.o(.ARM.exidx.text.adc_calibration_enable) refers to gd32e23x_adc.o(.text.adc_calibration_enable) for [Anonymous Symbol]
    gd32e23x_adc.o(.ARM.exidx.text.adc_dma_mode_enable) refers to gd32e23x_adc.o(.text.adc_dma_mode_enable) for [Anonymous Symbol]
    gd32e23x_adc.o(.ARM.exidx.text.adc_dma_mode_disable) refers to gd32e23x_adc.o(.text.adc_dma_mode_disable) for [Anonymous Symbol]
    gd32e23x_adc.o(.ARM.exidx.text.adc_tempsensor_vrefint_enable) refers to gd32e23x_adc.o(.text.adc_tempsensor_vrefint_enable) for [Anonymous Symbol]
    gd32e23x_adc.o(.ARM.exidx.text.adc_tempsensor_vrefint_disable) refers to gd32e23x_adc.o(.text.adc_tempsensor_vrefint_disable) for [Anonymous Symbol]
    gd32e23x_adc.o(.ARM.exidx.text.adc_discontinuous_mode_config) refers to gd32e23x_adc.o(.text.adc_discontinuous_mode_config) for [Anonymous Symbol]
    gd32e23x_adc.o(.ARM.exidx.text.adc_special_function_config) refers to gd32e23x_adc.o(.text.adc_special_function_config) for [Anonymous Symbol]
    gd32e23x_adc.o(.ARM.exidx.text.adc_data_alignment_config) refers to gd32e23x_adc.o(.text.adc_data_alignment_config) for [Anonymous Symbol]
    gd32e23x_adc.o(.ARM.exidx.text.adc_channel_length_config) refers to gd32e23x_adc.o(.text.adc_channel_length_config) for [Anonymous Symbol]
    gd32e23x_adc.o(.ARM.exidx.text.adc_regular_channel_config) refers to gd32e23x_adc.o(.text.adc_regular_channel_config) for [Anonymous Symbol]
    gd32e23x_adc.o(.ARM.exidx.text.adc_inserted_channel_config) refers to gd32e23x_adc.o(.text.adc_inserted_channel_config) for [Anonymous Symbol]
    gd32e23x_adc.o(.ARM.exidx.text.adc_inserted_channel_offset_config) refers to gd32e23x_adc.o(.text.adc_inserted_channel_offset_config) for [Anonymous Symbol]
    gd32e23x_adc.o(.ARM.exidx.text.adc_external_trigger_config) refers to gd32e23x_adc.o(.text.adc_external_trigger_config) for [Anonymous Symbol]
    gd32e23x_adc.o(.ARM.exidx.text.adc_external_trigger_source_config) refers to gd32e23x_adc.o(.text.adc_external_trigger_source_config) for [Anonymous Symbol]
    gd32e23x_adc.o(.ARM.exidx.text.adc_software_trigger_enable) refers to gd32e23x_adc.o(.text.adc_software_trigger_enable) for [Anonymous Symbol]
    gd32e23x_adc.o(.ARM.exidx.text.adc_regular_data_read) refers to gd32e23x_adc.o(.text.adc_regular_data_read) for [Anonymous Symbol]
    gd32e23x_adc.o(.ARM.exidx.text.adc_inserted_data_read) refers to gd32e23x_adc.o(.text.adc_inserted_data_read) for [Anonymous Symbol]
[...]
    Removing gd32e23x_wwdgt.o(.text), (0 bytes).
    Removing gd32e23x_wwdgt.o(.text.wwdgt_deinit), (28 bytes).
    Removing gd32e23x_wwdgt.o(.ARM.exidx.text.wwdgt_deinit), (8 bytes).
    Removing gd32e23x_wwdgt.o(.text.wwdgt_enable), (16 bytes).
    Removing gd32e23x_wwdgt.o(.ARM.exidx.text.wwdgt_enable), (8 bytes).
    Removing gd32e23x_wwdgt.o(.text.wwdgt_counter_update), (28 bytes).
    Removing gd32e23x_wwdgt.o(.ARM.exidx.text.wwdgt_counter_update), (8 bytes).
    Removing gd32e23x_wwdgt.o(.text.wwdgt_config), (52 bytes).
    Removing gd32e23x_wwdgt.o(.ARM.exidx.text.wwdgt_config), (8 bytes).
    Removing gd32e23x_wwdgt.o(.text.wwdgt_flag_get), (40 bytes).
    Removing gd32e23x_wwdgt.o(.ARM.exidx.text.wwdgt_flag_get), (8 bytes).
    Removing gd32e23x_wwdgt.o(.text.wwdgt_flag_clear), (16 bytes).
    Removing gd32e23x_wwdgt.o(.ARM.exidx.text.wwdgt_flag_clear), (8 bytes).
    Removing gd32e23x_wwdgt.o(.text.wwdgt_interrupt_enable), (20 bytes).
    Removing gd32e23x_wwdgt.o(.ARM.exidx.text.wwdgt_interrupt_enable), (8 bytes).
    Removing systick.o(.text), (0 bytes).
    Removing systick.o(.ARM.exidx.text.systick_config), (8 bytes).
    Removing systick.o(.ARM.exidx.text.delay_1us), (8 bytes).
    Removing systick.o(.ARM.exidx.text.delay_1ms), (8 bytes).
    Removing rcu.o(.text), (0 bytes).
    Removing rcu.o(.ARM.exidx.text.RCU_Init), (8 bytes).
    Removing rcu.o(.ARM.exidx.text._soft_delay_), (8 bytes).
    Removing hardware_spi.o(.text), (0 bytes).
    Removing hardware_spi.o(.ARM.exidx.text.Hardware_SPI0_Init), (8 bytes).
    Removing hardware_spi.o(.ARM.exidx.text.SPI0_Write), (8 bytes).
    Removing hardware_spi.o(.ARM.exidx.text.Hardware_SPI1_Init), (8 bytes).
    Removing hardware_spi.o(.ARM.exidx.text.SPI1_Blocked_Transmit_Byte), (8 bytes).
    Removing hardware_spi.o(.text.SPI1_Blocked_Transmit), (118 bytes).
    Removing hardware_spi.o(.ARM.exidx.text.SPI1_Blocked_Transmit), (8 bytes).
    Removing hardware_spi.o(.ARM.exidx.text.SPI1_DMA_Transmit), (8 bytes).
    Removing software_iic.o(.text), (0 bytes).
    Removing software_iic.o(.ARM.exidx.text.Software_IIC_Init), (8 bytes).
    Removing software_iic.o(.ARM.exidx.text.Software_IIC_SCAN), (8 bytes).
    Removing software_iic.o(.ARM.exidx.text.Software_SDA_Direction), (8 bytes).
    Removing software_iic.o(.ARM.exidx.text.Software_IIC_Start), (8 bytes).
    Removing software_iic.o(.ARM.exidx.text.Software_IIC_Stop), (8 bytes).
    Removing software_iic.o(.ARM.exidx.text.Software_IIC_Wait_Ack), (8 bytes).
    Removing software_iic.o(.text.Software_IIC_Ack), (84 bytes).
    Removing software_iic.o(.ARM.exidx.text.Software_IIC_Ack), (8 bytes).
    Removing software_iic.o(.text.Software_IIC_NAck), (84 bytes).
    Removing software_iic.o(.ARM.exidx.text.Software_IIC_NAck), (8 bytes).
    Removing software_iic.o(.ARM.exidx.text.Software_IIC_Send_Byte), (8 bytes).
    Removing software_iic.o(.text.Software_IIC_Read_Byte), (164 bytes).
    Removing software_iic.o(.ARM.exidx.text.Software_IIC_Read_Byte), (8 bytes).
    Removing software_iic.o(.text.Software_IIC_Send), (110 bytes).
    Removing software_iic.o(.ARM.exidx.text.Software_IIC_Send), (8 bytes).
    Removing software_iic.o(.text.Software_IIC_Read), (122 bytes).
    Removing software_iic.o(.ARM.exidx.text.Software_IIC_Read), (8 bytes).
    Removing software_iic.o(.text.Software_IIC_Register_Write), (128 bytes).
    Removing software_iic.o(.ARM.exidx.text.Software_IIC_Register_Write), (8 bytes).
    Removing software_iic.o(.text.Software_IIC_Register_Read), (172 bytes).
    Removing software_iic.o(.ARM.exidx.text.Software_IIC_Register_Read), (8 bytes).
    Removing software_iic.o(.ARM.exidx.text.Software_IIC_Bus_Recovery), (8 bytes).
    Removing tft_lcd.o(.text), (0 bytes).
    Removing tft_lcd.o(.ARM.exidx.text.TFT_LCD_Init), (8 bytes).
    Removing tft_lcd.o(.ARM.exidx.text.LCD_Chip_Init), (8 bytes).
    Removing tft_lcd.o(.text.Backlight_PWM_Init), (2 bytes).
    Removing tft_lcd.o(.ARM.exidx.text.Backlight_PWM_Init), (8 bytes).
    Removing tft_lcd.o(.ARM.exidx.text.LCD_Send_CMD_1B), (8 bytes).
    Removing tft_lcd.o(.ARM.exidx.text.LCD_Send_Data_1B), (8 bytes).
    Removing tft_lcd.o(.ARM.exidx.text.LCD_Send_Data_2B), (8 bytes).
    Removing tft_lcd.o(.ARM.exidx.text.LCD_Send_Data), (8 bytes).
    Removing tft_lcd.o(.ARM.exidx.text.LCD_Display), (8 bytes).
    Removing tft_lcd.o(.ARM.exidx.text.LCD_Display_Color), (8 bytes).
    Removing tft_lcd.o(.text.LCD_Display_DMA_Interrupt), (34 bytes).
    Removing tft_lcd.o(.ARM.exidx.text.LCD_Display_DMA_Interrupt), (8 bytes).
    Removing tft_lcd.o(.ARM.exidx.text.SH7789_Address_Set), (8 bytes).
    Removing tft_lcd.o(.ARM.exidx.text.LCD_Display_DrawPoint), (8 bytes).
    Removing tft_lcd.o(.text.mypow), (46 bytes).
    Removing tft_lcd.o(.ARM.exidx.text.mypow), (8 bytes).
    Removing tft_lcd.o(.ARM.exidx.text.LCD_Clear), (8 bytes).
    Removing tft_lcd.o(.ARM.exidx.text.LCD_ShowChar), (8 bytes).
    Removing tft_lcd.o(.text.LCD_ShowIntNum), (268 bytes).
    Removing tft_lcd.o(.ARM.exidx.text.LCD_ShowIntNum), (8 bytes).
    Removing tft_lcd.o(.ARM.exidx.text.LCD_ShowString), (8 bytes).
    Removing tft_lcd.o(.text.Rounded_Rectangle), (454 bytes).
    Removing tft_lcd.o(.ARM.exidx.text.Rounded_Rectangle), (8 bytes).
    Removing tft_lcd.o(.text.LCD_Show_Float), (880 bytes).
    Removing tft_lcd.o(.ARM.exidx.text.LCD_Show_Float), (8 bytes).
    Removing tft_lcd.o(.data.bitmap), (115200 bytes).
    Removing tft_lcd.o(.data.Digit_Magnify), (32 bytes).
    Removing tft_lcd.o(.data.Display_Max_Value), (72 bytes).
    Removing tft_lcd.o(.bss.End_DMA_Interrupt), (1 bytes).
    Removing tft_lcd.o(.bss.Send_Length_DMA_Interrupt), (4 bytes).
    Removing tft_lcd.o(.bss.ALL_Length_DMA_Interrupt), (4 bytes).
    Removing tft_lcd.o(.bss.pix_data_DMA_Interrupt), (4 bytes).
    Removing norflash_25q.o(.text), (0 bytes).
    Removing norflash_25q.o(.ARM.exidx.text.NorFlash_25Q_Init), (8 bytes).
    Removing norflash_25q.o(.ARM.exidx.text.NorFlash_25Q_Read_ID), (8 bytes).
    Removing norflash_25q.o(.ARM.exidx.text.NorFlash_25Q_Read_JEDEC_ID), (8 bytes).
    Removing norflash_25q.o(.ARM.exidx.text.NorFlash_25Q_Unique_ID), (8 bytes).
    Removing norflash_25q.o(.text.NorFlash_25Q_Read_Status), (116 bytes).
    Removing norflash_25q.o(.ARM.exidx.text.NorFlash_25Q_Read_Status), (8 bytes).
    Removing norflash_25q.o(.text.NorFlash_25Q_Set_Write), (44 bytes).
    Removing norflash_25q.o(.ARM.exidx.text.NorFlash_25Q_Set_Write), (8 bytes).
    Removing norflash_25q.o(.text.NorFlash_25Q_Wait_Busy), (56 bytes).
    Removing norflash_25q.o(.ARM.exidx.text.NorFlash_25Q_Wait_Busy), (8 bytes).
    Removing norflash_25q.o(.text.NorFlash_25Q_Write_Status), (100 bytes).
    Removing norflash_25q.o(.ARM.exidx.text.NorFlash_25Q_Write_Status), (8 bytes).
    Removing norflash_25q.o(.text.NorFlash_25Q_Check_QE), (60 bytes).
    Removing norflash_25q.o(.ARM.exidx.text.NorFlash_25Q_Check_QE), (8 bytes).
    Removing norflash_25q.o(.text.NorFlash_25Q_Chip_Erase), (56 bytes).
    Removing norflash_25q.o(.ARM.exidx.text.NorFlash_25Q_Chip_Erase), (8 bytes).
    Removing norflash_25q.o(.text.NorFlash_25Q_4K_Section_Erase), (72 bytes).
    Removing norflash_25q.o(.ARM.exidx.text.NorFlash_25Q_4K_Section_Erase), (8 bytes).
    Removing norflash_25q.o(.text.NorFlash_25Q_32K_Block_Erase), (72 bytes).
    Removing norflash_25q.o(.ARM.exidx.text.NorFlash_25Q_32K_Block_Erase), (8 bytes).
    Removing norflash_25q.o(.text.NorFlash_25Q_64K_Block_Erase), (72 bytes).
    Removing norflash_25q.o(.ARM.exidx.text.NorFlash_25Q_64K_Block_Erase), (8 bytes).
    Removing norflash_25q.o(.ARM.exidx.text.NorFlash_25Q_Read_Buffer), (8 bytes).
    Removing norflash_25q.o(.text.NorFlash_25Q_Page_Write_Buffer), (96 bytes).
    Removing norflash_25q.o(.ARM.exidx.text.NorFlash_25Q_Page_Write_Buffer), (8 bytes).
    Removing norflash_25q.o(.bss.NorFlash_Status), (1 bytes).
    Removing tmp112.o(.text), (0 bytes).
    Removing tmp112.o(.text.TMP112_Init), (28 bytes).
    Removing tmp112.o(.ARM.exidx.text.TMP112_Init), (8 bytes).
    Removing tmp112.o(.text.TMP112_Read_Temp), (208 bytes).
    Removing tmp112.o(.ARM.exidx.text.TMP112_Read_Temp), (8 bytes).
    Removing tmp112.o(.bss.TMP112_13b), (1 bytes).
    Removing tmp112.o(.rodata..L__const.TMP112_Init.Init_Data), (2 bytes).
    Removing tmp112.o(.bss.TMP112_TEMP_Data), (2 bytes).
    Removing tmp112.o(.bss.TMP112_TEMP), (4 bytes).
    Removing main.o(.text), (0 bytes).
    Removing main.o(.ARM.exidx.text.I2C_Scan_Display), (8 bytes).
    Removing main.o(.ARM.exidx.text.I2C_Get_Device_Name), (8 bytes).
    Removing main.o(.ARM.exidx.text.main), (8 bytes).
    Removing main.o(.data.TEST_Data), (20 bytes).
    Removing main.o(.data.TEST_Data2), (1 bytes).
    Removing main.o(.ARM.use_no_argv), (4 bytes).
    Removing animation_demo.o(.text), (0 bytes).
    Removing animation_demo.o(.ARM.exidx.text.Animation_Demo), (8 bytes).
    Removing animation_demo.o(.ARM.exidx.text.show_title), (8 bytes).
    Removing animation_demo.o(.ARM.exidx.text.anim_bouncing_balls), (8 bytes).
    Removing animation_demo.o(.ARM.exidx.text.anim_radar_sweep), (8 bytes).
    Removing animation_demo.o(.ARM.exidx.text.anim_color_sweep), (8 bytes).
    Removing animation_demo.o(.ARM.exidx.text.anim_starfield), (8 bytes).
    Removing animation_demo.o(.ARM.exidx.text.anim_ripple), (8 bytes).
    Removing animation_demo.o(.ARM.exidx.text.icos), (8 bytes).
    Removing animation_demo.o(.ARM.exidx.text.isin), (8 bytes).
    Removing fcmplt.o(.text), (28 bytes).
    Removing fcmpge.o(.text), (28 bytes).
    Removing fflti.o(.text), (22 bytes).
    Removing ffixl.o(.text), (64 bytes).
    Removing dfixl.o(.text), (80 bytes).
    Removing f2d.o(.text), (40 bytes).
    Removing drnd.o(.text), (124 bytes).
    Removing cdcmple.o(.text), (40 bytes).

1109 unused section(s) (total 153602 bytes) removed from the image.

==============================================================================

Image Symbol Table

    Local Symbols

    Symbol Name                              Value     Ov Type        Size  Object(Section)

    ../clib/division.s                       0x00000000   Number         0  aeabi_sdiv.o ABSOLUTE
    ../clib/division.s                       0x00000000   Number         0  aeabi_sdiv_div0.o ABSOLUTE
    ../clib/microlib/division.c              0x00000000   Number         0  ldiv.o ABSOLUTE
    ../clib/microlib/division.c              0x00000000   Number         0  uidiv.o ABSOLUTE
    ../clib/microlib/division.c              0x00000000   Number         0  uldiv.o ABSOLUTE
    ../clib/microlib/division.c              0x00000000   Number         0  uidiv_div0.o ABSOLUTE
    ../clib/microlib/division.c              0x00000000   Number         0  idiv_div0.o ABSOLUTE
    ../clib/microlib/division.c              0x00000000   Number         0  idiv0.o ABSOLUTE
    ../clib/microlib/init/entry.s            0x00000000   Number         0  entry.o ABSOLUTE
    ../clib/microlib/init/entry.s            0x00000000   Number         0  entry2.o ABSOLUTE
    ../clib/microlib/init/entry.s            0x00000000   Number         0  entry5.o ABSOLUTE
    ../clib/microlib/init/entry.s            0x00000000   Number         0  entry7a.o ABSOLUTE
    ../clib/microlib/init/entry.s            0x00000000   Number         0  entry7b.o ABSOLUTE
    ../clib/microlib/init/entry.s            0x00000000   Number         0  entry8a.o ABSOLUTE
    ../clib/microlib/init/entry.s            0x00000000   Number         0  entry8b.o ABSOLUTE
    ../clib/microlib/init/entry.s            0x00000000   Number         0  entry9a.o ABSOLUTE
    ../clib/microlib/init/entry.s            0x00000000   Number         0  entry9b.o ABSOLUTE
    ../clib/microlib/init/entry.s            0x00000000   Number         0  entry10a.o ABSOLUTE
    ../clib/microlib/init/entry.s            0x00000000   Number         0  entry10b.o ABSOLUTE
    ../clib/microlib/init/entry.s            0x00000000   Number         0  entry11a.o ABSOLUTE
    ../clib/microlib/init/entry.s            0x00000000   Number         0  entry11b.o ABSOLUTE
    ../clib/microlib/longlong.c              0x00000000   Number         0  llshl.o ABSOLUTE
    ../clib/microlib/longlong.c              0x00000000   Number         0  llushr.o ABSOLUTE
    ../clib/microlib/longlong.c              0x00000000   Number         0  llsshr.o ABSOLUTE
    ../clib/microlib/printf/printf.c         0x00000000   Number         0  printfa.o ABSOLUTE
    ../clib/microlib/stdio/fputc.c           0x00000000   Number         0  fputc.o ABSOLUTE
    ../clib/microlib/stdio/fputc.c           0x00000000   Number         0  fputc_h.o ABSOLUTE
    ../clib/microlib/stdio/semi.s            0x00000000   Number         0  semi.o ABSOLUTE
    ../clib/microlib/stdio/streams.c         0x00000000   Number         0  stdout.o ABSOLUTE
    ../clib/microlib/stdlib/rand.c           0x00000000   Number         0  rand.o ABSOLUTE
    ../clib/microlib/stubs.s                 0x00000000   Number         0  iusefp.o ABSOLUTE
    ../clib/microlib/stubs.s                 0x00000000   Number         0  iusesemip.o ABSOLUTE
    ../fplib/microlib/f2d.c                  0x00000000   Number         0  f2d.o ABSOLUTE
    ../fplib/microlib/fpadd.c                0x00000000   Number         0  dadd.o ABSOLUTE
    ../fplib/microlib/fpcmp.c                0x00000000   Number         0  fcmplt.o ABSOLUTE
    ../fplib/microlib/fpcmp.c                0x00000000   Number         0  fcmpge.o ABSOLUTE
    ../fplib/microlib/fpdiv.c                0x00000000   Number         0  fdiv.o ABSOLUTE
    ../fplib/microlib/fpdiv.c                0x00000000   Number         0  ddiv.o ABSOLUTE
    ../fplib/microlib/fpepilogue.c           0x00000000   Number         0  fepilogue.o ABSOLUTE
    ../fplib/microlib/fpepilogue.c           0x00000000   Number         0  depilogue.o ABSOLUTE
    ../fplib/microlib/fpfix.c                0x00000000   Number         0  ffixui.o ABSOLUTE
    ../fplib/microlib/fpfix.c                0x00000000   Number         0  ffixl.o ABSOLUTE
    ../fplib/microlib/fpfix.c                0x00000000   Number         0  dfixl.o ABSOLUTE
    ../fplib/microlib/fpfix.c                0x00000000   Number         0  dfixul.o ABSOLUTE
    ../fplib/microlib/fpflt.c                0x00000000   Number         0  fflti.o ABSOLUTE
    ../fplib/microlib/fpflt.c                0x00000000   Number         0  ffltui.o ABSOLUTE
    ../fplib/microlib/fpmul.c                0x00000000   Number         0  fmul.o ABSOLUTE
    ../fplib/microlib/fpmul.c                0x00000000   Number         0  dmul.o ABSOLUTE
    ../fplib/microlib/fprnd.c                0x00000000   Number         0  drnd.o ABSOLUTE
    ../mathlib/round.c                       0x00000000   Number         0  round.o ABSOLUTE
    CMSIS\GD\GD32E23x\Source\ARM\startup_gd32e23x.s 0x00000000   Number         0  startup_gd32e23x.o ABSOLUTE
    Hardware_SPI.c                           0x00000000   Number         0  hardware_spi.o ABSOLUTE
    NorFlash_25Q.c                           0x00000000   Number         0  norflash_25q.o ABSOLUTE
    RCU.c                                    0x00000000   Number         0  rcu.o ABSOLUTE
    Software_IIC.C                           0x00000000   Number         0  software_iic.o ABSOLUTE
    TFT_LCD.c                                0x00000000   Number         0  tft_lcd.o ABSOLUTE
    TMP112.c                                 0x00000000   Number         0  tmp112.o ABSOLUTE
    animation_demo.c                         0x00000000   Number         0  animation_demo.o ABSOLUTE
    cdcmple.s                                0x00000000   Number         0  cdcmple.o ABSOLUTE
    cdrcmple.s                               0x00000000   Number         0  cdrcmple.o ABSOLUTE
    dc.s                                     0x00000000   Number         0  dc.o ABSOLUTE
    gd32e23x_adc.c                           0x00000000   Number         0  gd32e23x_adc.o ABSOLUTE
    gd32e23x_cmp.c                           0x00000000   Number         0  gd32e23x_cmp.o ABSOLUTE
    gd32e23x_crc.c                           0x00000000   Number         0  gd32e23x_crc.o ABSOLUTE
    gd32e23x_dbg.c                           0x00000000   Number         0  gd32e23x_dbg.o ABSOLUTE
    gd32e23x_dma.c                           0x00000000   Number         0  gd32e23x_dma.o ABSOLUTE
    gd32e23x_exti.c                          0x00000000   Number         0  gd32e23x_exti.o ABSOLUTE
    gd32e23x_fmc.c                           0x00000000   Number         0  gd32e23x_fmc.o ABSOLUTE
    gd32e23x_fwdgt.c                         0x00000000   Number         0  gd32e23x_fwdgt.o ABSOLUTE
    gd32e23x_gpio.c                          0x00000000   Number         0  gd32e23x_gpio.o ABSOLUTE
    gd32e23x_i2c.c                           0x00000000   Number         0  gd32e23x_i2c.o ABSOLUTE
    gd32e23x_misc.c                          0x00000000   Number         0  gd32e23x_misc.o ABSOLUTE
    gd32e23x_pmu.c                           0x00000000   Number         0  gd32e23x_pmu.o ABSOLUTE
    gd32e23x_rcu.c                           0x00000000   Number         0  gd32e23x_rcu.o ABSOLUTE
    gd32e23x_rtc.c                           0x00000000   Number         0  gd32e23x_rtc.o ABSOLUTE
    gd32e23x_spi.c                           0x00000000   Number         0  gd32e23x_spi.o ABSOLUTE
    gd32e23x_syscfg.c                        0x00000000   Number         0  gd32e23x_syscfg.o ABSOLUTE
    gd32e23x_timer.c                         0x00000000   Number         0  gd32e23x_timer.o ABSOLUTE
    gd32e23x_usart.c                         0x00000000   Number         0  gd32e23x_usart.o ABSOLUTE
    gd32e23x_wwdgt.c                         0x00000000   Number         0  gd32e23x_wwdgt.o ABSOLUTE
    handlers.s                               0x00000000   Number         0  handlers.o ABSOLUTE
    init.s                                   0x00000000   Number         0  init.o ABSOLUTE
    main.c                                   0x00000000   Number         0  main.o ABSOLUTE
    system_gd32e23x.c                        0x00000000   Number         0  system_gd32e23x.o ABSOLUTE
    systick.c                                0x00000000   Number         0  systick.o ABSOLUTE
    RESET                                    0x08000000   Section      204  startup_gd32e23x.o(RESET)
    .ARM.Collect$$$$00000000                 0x080000cc   Section        0  entry.o(.ARM.Collect$$$$00000000)
    .ARM.Collect$$$$00000001                 0x080000cc   Section        4  entry2.o(.ARM.Collect$$$$00000001)
    .ARM.Collect$$$$00000004                 0x080000d0   Section        4  entry5.o(.ARM.Collect$$$$00000004)
    .ARM.Collect$$$$00000008                 0x080000d4   Section        0  entry7b.o(.ARM.Collect$$$$00000008)
    .ARM.Collect$$$$0000000A                 0x080000d4   Section        0  entry8b.o(.ARM.Collect$$$$0000000A)
    .ARM.Collect$$$$0000000B                 0x080000d4   Section        8  entry9a.o(.ARM.Collect$$$$0000000B)
    __lit__00000000                          0x080000dc   Data           4  entry2.o(.ARM.Collect$$$$00002712)
    .ARM.Collect$$$$0000000D                 0x080000dc   Section        0  entry10a.o(.ARM.Collect$$$$0000000D)
    .ARM.Collect$$$$0000000F                 0x080000dc   Section        0  entry11a.o(.ARM.Collect$$$$0000000F)
    .ARM.Collect$$$$00002712                 0x080000dc   Section        4  entry2.o(.ARM.Collect$$$$00002712)
    .text                                    0x080000e0   Section       68  startup_gd32e23x.o(.text)
    .text                                    0x08000124   Section        0  rand.o(.text)
    .text                                    0x08000148   Section        0  fmul.o(.text)
    .text                                    0x080001c2   Section        0  fdiv.o(.text)
    .text                                    0x08000240   Section        0  ddiv.o(.text)
    .text                                    0x08000330   Section        0  ffltui.o(.text)
    .text                                    0x0800033e   Section        0  ffixui.o(.text)
    .text                                    0x08000366   Section        0  uldiv.o(.text)
    .text                                    0x080003c6   Section        0  llshl.o(.text)
    .text                                    0x080003e6   Section        0  llushr.o(.text)
    .text                                    0x08000408   Section        0  iusefp.o(.text)
    .text                                    0x08000408   Section        0  fepilogue.o(.text)
    .text                                    0x0800048a   Section        0  depilogue.o(.text)
    .text                                    0x08000548   Section        0  dadd.o(.text)
    .text                                    0x080006ac   Section        0  dmul.o(.text)
    .text                                    0x0800077c   Section        0  dfixul.o(.text)
    .text                                    0x080007bc   Section       40  cdrcmple.o(.text)
    .text                                    0x080007e4   Section       48  init.o(.text)
    .text                                    0x08000814   Section        0  uidiv_div0.o(.text)
    .text                                    0x08000852   Section        0  llsshr.o(.text)
    [Anonymous Symbol]                       0x08000878   Section        0  animation_demo.o(.text.Animation_Demo)
    __arm_cp.0_0                             0x080008d8   Number         4  animation_demo.o(.text.Animation_Demo)
    __arm_cp.0_1                             0x080008dc   Number         4  animation_demo.o(.text.Animation_Demo)
    __arm_cp.0_2                             0x080008e0   Number         4  animation_demo.o(.text.Animation_Demo)
    __arm_cp.0_3                             0x080008e4   Number         4  animation_demo.o(.text.Animation_Demo)
    __arm_cp.0_4                             0x080008e8   Number         4  animation_demo.o(.text.Animation_Demo)
    __arm_cp.0_5                             0x080008ec   Number         4  animation_demo.o(.text.Animation_Demo)
    __arm_cp.0_6                             0x080008f0   Number         4  animation_demo.o(.text.Animation_Demo)
    __arm_cp.0_7                             0x080008f4   Number         4  animation_demo.o(.text.Animation_Demo)
    __arm_cp.0_8                             0x080008f8   Number         4  animation_demo.o(.text.Animation_Demo)
    [Anonymous Symbol]                       0x080008fc   Section        0  hardware_spi.o(.text.Hardware_SPI0_Init)
    __arm_cp.0_0                             0x0800097c   Number         4  hardware_spi.o(.text.Hardware_SPI0_Init)
    __arm_cp.0_3                             0x08000980   Number         4  hardware_spi.o(.text.Hardware_SPI0_Init)
    [Anonymous Symbol]                       0x08000984   Section        0  hardware_spi.o(.text.Hardware_SPI1_Init)
    __arm_cp.2_0                             0x08000a14   Number         4  hardware_spi.o(.text.Hardware_SPI1_Init)
    __arm_cp.2_1                             0x08000a18   Number         4  hardware_spi.o(.text.Hardware_SPI1_Init)
    __arm_cp.2_2                             0x08000a1c   Number         4  hardware_spi.o(.text.Hardware_SPI1_Init)
    __arm_cp.2_3                             0x08000a20   Number         4  hardware_spi.o(.text.Hardware_SPI1_Init)
    I2C_Get_Device_Name                      0x08000a25   Thumb Code   620  main.o(.text.I2C_Get_Device_Name)
    [Anonymous Symbol]                       0x08000a24   Section        0  main.o(.text.I2C_Get_Device_Name)
    __arm_cp.1_0                             0x08000c90   Number         4  main.o(.text.I2C_Get_Device_Name)
    __arm_cp.1_1                             0x08000c94   Number         4  main.o(.text.I2C_Get_Device_Name)
    __arm_cp.1_2                             0x08000c98   Number         4  main.o(.text.I2C_Get_Device_Name)
    __arm_cp.1_3                             0x08000c9c   Number         4  main.o(.text.I2C_Get_Device_Name)
    __arm_cp.1_4                             0x08000ca0   Number         4  main.o(.text.I2C_Get_Device_Name)
    __arm_cp.1_5                             0x08000ca4   Number         4  main.o(.text.I2C_Get_Device_Name)
    __arm_cp.1_6                             0x08000ca8   Number         4  main.o(.text.I2C_Get_Device_Name)
    __arm_cp.1_7                             0x08000cac   Number         4  main.o(.text.I2C_Get_Device_Name)
    __arm_cp.1_8                             0x08000cb0   Number         4  main.o(.text.I2C_Get_Device_Name)
    __arm_cp.1_9                             0x08000cb4   Number         4  main.o(.text.I2C_Get_Device_Name)
    __arm_cp.1_10                            0x08000cb8   Number         4  main.o(.text.I2C_Get_Device_Name)
    __arm_cp.1_11                            0x08000cbc   Number         4  main.o(.text.I2C_Get_Device_Name)
    __arm_cp.1_12                            0x08000cc0   Number         4  main.o(.text.I2C_Get_Device_Name)
    __arm_cp.1_13                            0x08000cc4   Number         4  main.o(.text.I2C_Get_Device_Name)
    __arm_cp.1_14                            0x08000cc8   Number         4  main.o(.text.I2C_Get_Device_Name)
    __arm_cp.1_15                            0x08000ccc   Number         4  main.o(.text.I2C_Get_Device_Name)
    __arm_cp.1_16                            0x08000cd0   Number         4  main.o(.text.I2C_Get_Device_Name)
    __arm_cp.1_17                            0x08000cd4   Number         4  main.o(.text.I2C_Get_Device_Name)
    __arm_cp.1_18                            0x08000cd8   Number         4  main.o(.text.I2C_Get_Device_Name)
    __arm_cp.1_19                            0x08000cdc   Number         4  main.o(.text.I2C_Get_Device_Name)
    __arm_cp.1_20                            0x08000ce0   Number         4  main.o(.text.I2C_Get_Device_Name)
    [Anonymous Symbol]                       0x08000ce4   Section        0  main.o(.text.I2C_Scan_Display)
    __arm_cp.0_0                             0x08000f5c   Number         4  main.o(.text.I2C_Scan_Display)
    __arm_cp.0_1                             0x08000f60   Number         4  main.o(.text.I2C_Scan_Display)
    __arm_cp.0_2                             0x08000f64   Number         4  main.o(.text.I2C_Scan_Display)
    __arm_cp.0_3                             0x08000f68   Number         4  main.o(.text.I2C_Scan_Display)
    __arm_cp.0_4                             0x08000f6c   Number         4  main.o(.text.I2C_Scan_Display)
    __arm_cp.0_5                             0x08000f70   Number         4  main.o(.text.I2C_Scan_Display)
    __arm_cp.0_6                             0x08000f74   Number         4  main.o(.text.I2C_Scan_Display)
    __arm_cp.0_7                             0x08000f78   Number         4  main.o(.text.I2C_Scan_Display)
    __arm_cp.0_8                             0x08000f7c   Number         4  main.o(.text.I2C_Scan_Display)
    __arm_cp.0_9                             0x08000f80   Number         4  main.o(.text.I2C_Scan_Display)
    __arm_cp.0_10                            0x08000f84   Number         4  main.o(.text.I2C_Scan_Display)
    __arm_cp.0_11                            0x08000f88   Number         4  main.o(.text.I2C_Scan_Display)
    __arm_cp.0_12                            0x08000f8c   Number         4  main.o(.text.I2C_Scan_Display)
    __arm_cp.0_13                            0x08000f90   Number         4  main.o(.text.I2C_Scan_Display)
    __arm_cp.0_14                            0x08000f94   Number         4  main.o(.text.I2C_Scan_Display)
    __arm_cp.0_15                            0x08000f98   Number         4  main.o(.text.I2C_Scan_Display)
    [Anonymous Symbol]                       0x08000f9c   Section        0  tft_lcd.o(.text.LCD_Chip_Init)
    [Anonymous Symbol]                       0x08001126   Section        0  tft_lcd.o(.text.LCD_Clear)
    [Anonymous Symbol]                       0x08001184   Section        0  tft_lcd.o(.text.LCD_Display)
    [Anonymous Symbol]                       0x08001334   Section        0  tft_lcd.o(.text.LCD_Display_Color)
    __arm_cp.8_0                             0x08001508   Number         4  tft_lcd.o(.text.LCD_Display_Color)
    __arm_cp.8_1                             0x0800150c   Number         4  tft_lcd.o(.text.LCD_Display_Color)
    __arm_cp.8_2                             0x08001510   Number         4  tft_lcd.o(.text.LCD_Display_Color)
    __arm_cp.8_3                             0x08001514   Number         4  tft_lcd.o(.text.LCD_Display_Color)
    __arm_cp.8_4                             0x08001518   Number         4  tft_lcd.o(.text.LCD_Display_Color)
    __arm_cp.8_5                             0x0800151c   Number         4  tft_lcd.o(.text.LCD_Display_Color)
    [Anonymous Symbol]                       0x08001520   Section        0  tft_lcd.o(.text.LCD_Display_DrawPoint)
    [Anonymous Symbol]                       0x0800154c   Section        0  tft_lcd.o(.text.LCD_Send_CMD_1B)
    [Anonymous Symbol]                       0x0800159c   Section        0  tft_lcd.o(.text.LCD_Send_Data)
    [Anonymous Symbol]                       0x080015f6   Section        0  tft_lcd.o(.text.LCD_Send_Data_1B)
    [Anonymous Symbol]                       0x08001628   Section        0  tft_lcd.o(.text.LCD_Send_Data_2B)
    [Anonymous Symbol]                       0x08001664   Section        0  tft_lcd.o(.text.LCD_ShowChar)
    __arm_cp.14_0                            0x08001818   Number         4  tft_lcd.o(.text.LCD_ShowChar)
    __arm_cp.14_1                            0x0800181c   Number         4  tft_lcd.o(.text.LCD_ShowChar)
    __arm_cp.14_2                            0x08001820   Number         4  tft_lcd.o(.text.LCD_ShowChar)
    __arm_cp.14_3                            0x08001824   Number         4  tft_lcd.o(.text.LCD_ShowChar)
    __arm_cp.14_4                            0x08001828   Number         4  tft_lcd.o(.text.LCD_ShowChar)
    [Anonymous Symbol]                       0x0800182c   Section        0  tft_lcd.o(.text.LCD_ShowString)
    [Anonymous Symbol]                       0x08001898   Section        0  norflash_25q.o(.text.NorFlash_25Q_Init)
    __arm_cp.0_0                             0x0800190c   Number         4  norflash_25q.o(.text.NorFlash_25Q_Init)
    __arm_cp.0_1                             0x08001910   Number         4  norflash_25q.o(.text.NorFlash_25Q_Init)
    __arm_cp.0_2                             0x08001914   Number         4  norflash_25q.o(.text.NorFlash_25Q_Init)
    __arm_cp.0_3                             0x08001918   Number         4  norflash_25q.o(.text.NorFlash_25Q_Init)
    __arm_cp.0_4                             0x0800191c   Number         4  norflash_25q.o(.text.NorFlash_25Q_Init)
    [Anonymous Symbol]                       0x08001920   Section        0  norflash_25q.o(.text.NorFlash_25Q_Read_Buffer)
    [Anonymous Symbol]                       0x0800197c   Section        0  norflash_25q.o(.text.NorFlash_25Q_Read_ID)
    [Anonymous Symbol]                       0x080019e0   Section        0  norflash_25q.o(.text.NorFlash_25Q_Read_JEDEC_ID)
    [Anonymous Symbol]                       0x08001a38   Section        0  norflash_25q.o(.text.NorFlash_25Q_Unique_ID)
    __arm_cp.3_0                             0x08001a88   Number         4  norflash_25q.o(.text.NorFlash_25Q_Unique_ID)
    [Anonymous Symbol]                       0x08001a8c   Section        0  rcu.o(.text.RCU_Init)
    __arm_cp.0_0                             0x08001c40   Number         4  rcu.o(.text.RCU_Init)
    __arm_cp.0_1                             0x08001c44   Number         4  rcu.o(.text.RCU_Init)
    __arm_cp.0_2                             0x08001c48   Number         4  rcu.o(.text.RCU_Init)
    __arm_cp.0_3                             0x08001c4c   Number         4  rcu.o(.text.RCU_Init)
    __arm_cp.0_4                             0x08001c50   Number         4  rcu.o(.text.RCU_Init)
    [Anonymous Symbol]                       0x08001c54   Section        0  tft_lcd.o(.text.SH7789_Address_Set)
    __arm_cp.10_0                            0x08001cbc   Number         4  tft_lcd.o(.text.SH7789_Address_Set)
    __arm_cp.10_1                            0x08001cc0   Number         4  tft_lcd.o(.text.SH7789_Address_Set)
    [Anonymous Symbol]                       0x08001cc4   Section        0  hardware_spi.o(.text.SPI0_Write)
    __arm_cp.1_0                             0x08001cec   Number         4  hardware_spi.o(.text.SPI0_Write)
    [Anonymous Symbol]                       0x08001cf0   Section        0  hardware_spi.o(.text.SPI1_Blocked_Transmit_Byte)
    [Anonymous Symbol]                       0x08001d30   Section        0  hardware_spi.o(.text.SPI1_DMA_Transmit)
    __arm_cp.5_0                             0x08001e40   Number         4  hardware_spi.o(.text.SPI1_DMA_Transmit)
    __arm_cp.5_1                             0x08001e44   Number         4  hardware_spi.o(.text.SPI1_DMA_Transmit)
    Software_IIC_Bus_Recovery                0x08001e49   Thumb Code   184  software_iic.o(.text.Software_IIC_Bus_Recovery)
    [Anonymous Symbol]                       0x08001e48   Section        0  software_iic.o(.text.Software_IIC_Bus_Recovery)
    [Anonymous Symbol]                       0x08001f00   Section        0  software_iic.o(.text.Software_IIC_Init)
    __arm_cp.0_0                             0x08001f54   Number         4  software_iic.o(.text.Software_IIC_Init)
    [Anonymous Symbol]                       0x08001f58   Section        0  software_iic.o(.text.Software_IIC_SCAN)
    __arm_cp.1_0                             0x08002008   Number         4  software_iic.o(.text.Software_IIC_SCAN)
    __arm_cp.1_1                             0x0800200c   Number         4  software_iic.o(.text.Software_IIC_SCAN)
    [Anonymous Symbol]                       0x08002010   Section        0  software_iic.o(.text.Software_IIC_Send_Byte)
    [Anonymous Symbol]                       0x080020ac   Section        0  software_iic.o(.text.Software_IIC_Start)
    [Anonymous Symbol]                       0x0800210c   Section        0  software_iic.o(.text.Software_IIC_Stop)
    [Anonymous Symbol]                       0x08002160   Section        0  software_iic.o(.text.Software_IIC_Wait_Ack)
    [Anonymous Symbol]                       0x080021e0   Section        0  software_iic.o(.text.Software_SDA_Direction)
    __arm_cp.2_0                             0x08002214   Number         4  software_iic.o(.text.Software_SDA_Direction)
    [Anonymous Symbol]                       0x08002218   Section        0  system_gd32e23x.o(.text.SystemInit)
    __arm_cp.0_0                             0x08002328   Number         4  system_gd32e23x.o(.text.SystemInit)
    __arm_cp.0_1                             0x0800232c   Number         4  system_gd32e23x.o(.text.SystemInit)
    __arm_cp.0_2                             0x08002330   Number         4  system_gd32e23x.o(.text.SystemInit)
    __arm_cp.0_3                             0x08002334   Number         4  system_gd32e23x.o(.text.SystemInit)
    __arm_cp.0_4                             0x08002338   Number         4  system_gd32e23x.o(.text.SystemInit)
    __arm_cp.0_5                             0x0800233c   Number         4  system_gd32e23x.o(.text.SystemInit)
    __arm_cp.0_6                             0x08002340   Number         4  system_gd32e23x.o(.text.SystemInit)
    __arm_cp.0_7                             0x08002344   Number         4  system_gd32e23x.o(.text.SystemInit)
    __arm_cp.0_8                             0x08002348   Number         4  system_gd32e23x.o(.text.SystemInit)
    [Anonymous Symbol]                       0x0800234c   Section        0  tft_lcd.o(.text.TFT_LCD_Init)
    __arm_cp.0_0                             0x08002454   Number         4  tft_lcd.o(.text.TFT_LCD_Init)
    __arm_cp.0_1                             0x08002458   Number         4  tft_lcd.o(.text.TFT_LCD_Init)
    __arm_cp.0_2                             0x0800245c   Number         4  tft_lcd.o(.text.TFT_LCD_Init)
    __arm_cp.0_3                             0x08002460   Number         4  tft_lcd.o(.text.TFT_LCD_Init)
    __arm_cp.0_4                             0x08002464   Number         4  tft_lcd.o(.text.TFT_LCD_Init)
    _soft_delay_                             0x08002469   Thumb Code    38  system_gd32e23x.o(.text._soft_delay_)
    [Anonymous Symbol]                       0x08002468   Section        0  system_gd32e23x.o(.text._soft_delay_)
    _soft_delay_                             0x0800248f   Thumb Code    38  rcu.o(.text._soft_delay_)
    [Anonymous Symbol]                       0x0800248e   Section        0  rcu.o(.text._soft_delay_)
    anim_bouncing_balls                      0x080024b5   Thumb Code   944  animation_demo.o(.text.anim_bouncing_balls)
    [Anonymous Symbol]                       0x080024b4   Section        0  animation_demo.o(.text.anim_bouncing_balls)
    __arm_cp.2_0                             0x08002864   Number         4  animation_demo.o(.text.anim_bouncing_balls)
    anim_color_sweep                         0x08002869   Thumb Code   444  animation_demo.o(.text.anim_color_sweep)
    [Anonymous Symbol]                       0x08002868   Section        0  animation_demo.o(.text.anim_color_sweep)
    anim_radar_sweep                         0x08002a25   Thumb Code  1544  animation_demo.o(.text.anim_radar_sweep)
    [Anonymous Symbol]                       0x08002a24   Section        0  animation_demo.o(.text.anim_radar_sweep)
    __arm_cp.3_0                             0x0800302c   Number         4  animation_demo.o(.text.anim_radar_sweep)
    __arm_cp.3_1                             0x08003030   Number         4  animation_demo.o(.text.anim_radar_sweep)
    __arm_cp.3_2                             0x08003034   Number         4  animation_demo.o(.text.anim_radar_sweep)
    __arm_cp.3_3                             0x08003038   Number         4  animation_demo.o(.text.anim_radar_sweep)
    __arm_cp.3_4                             0x0800303c   Number         4  animation_demo.o(.text.anim_radar_sweep)
    __arm_cp.3_5                             0x08003040   Number         4  animation_demo.o(.text.anim_radar_sweep)
    anim_ripple                              0x08003045   Thumb Code   652  animation_demo.o(.text.anim_ripple)
    [Anonymous Symbol]                       0x08003044   Section        0  animation_demo.o(.text.anim_ripple)
    __arm_cp.6_0                             0x080032d0   Number         4  animation_demo.o(.text.anim_ripple)
    __arm_cp.6_1                             0x080032d4   Number         4  animation_demo.o(.text.anim_ripple)
    __arm_cp.6_2                             0x080032d8   Number         4  animation_demo.o(.text.anim_ripple)
    anim_starfield                           0x080032dd   Thumb Code   676  animation_demo.o(.text.anim_starfield)
    [Anonymous Symbol]                       0x080032dc   Section        0  animation_demo.o(.text.anim_starfield)
    __arm_cp.5_0                             0x08003580   Number         4  animation_demo.o(.text.anim_starfield)
    __arm_cp.5_1                             0x08003584   Number         4  animation_demo.o(.text.anim_starfield)
    __arm_cp.5_2                             0x08003588   Number         4  animation_demo.o(.text.anim_starfield)
    __arm_cp.5_3                             0x0800358c   Number         4  animation_demo.o(.text.anim_starfield)
    [Anonymous Symbol]                       0x08003590   Section        0  systick.o(.text.delay_1ms)
    __arm_cp.2_0                             0x08003600   Number         4  systick.o(.text.delay_1ms)
    [Anonymous Symbol]                       0x08003604   Section        0  systick.o(.text.delay_1us)
    __arm_cp.1_0                             0x08003674   Number         4  systick.o(.text.delay_1us)
    __arm_cp.1_1                             0x08003678   Number         4  systick.o(.text.delay_1us)
    __arm_cp.1_2                             0x0800367c   Number         4  systick.o(.text.delay_1us)
    __arm_cp.1_3                             0x08003680   Number         4  systick.o(.text.delay_1us)
    [Anonymous Symbol]                       0x08003684   Section        0  gd32e23x_dma.o(.text.dma_channel_disable)
    [Anonymous Symbol]                       0x080036a0   Section        0  gd32e23x_dma.o(.text.dma_channel_enable)
    [Anonymous Symbol]                       0x080036bc   Section        0  gd32e23x_dma.o(.text.dma_circulation_disable)
    [Anonymous Symbol]                       0x080036d8   Section        0  gd32e23x_dma.o(.text.dma_deinit)
    __arm_cp.0_4                             0x08003730   Number         4  gd32e23x_dma.o(.text.dma_deinit)
    [Anonymous Symbol]                       0x08003734   Section        0  gd32e23x_dma.o(.text.dma_flag_get)
    __arm_cp.21_0                            0x08003768   Number         4  gd32e23x_dma.o(.text.dma_flag_get)
    [Anonymous Symbol]                       0x0800376c   Section        0  gd32e23x_dma.o(.text.dma_init)
    __arm_cp.2_0                             0x08003878   Number         4  gd32e23x_dma.o(.text.dma_init)
    __arm_cp.2_1                             0x0800387c   Number         4  gd32e23x_dma.o(.text.dma_init)
    __arm_cp.2_2                             0x08003880   Number         4  gd32e23x_dma.o(.text.dma_init)
    [Anonymous Symbol]                       0x08003884   Section        0  gd32e23x_dma.o(.text.dma_memory_to_memory_disable)
    __arm_cp.7_0                             0x080038a4   Number         4  gd32e23x_dma.o(.text.dma_memory_to_memory_disable)
    [Anonymous Symbol]                       0x080038a8   Section        0  gd32e23x_dma.o(.text.dma_struct_para_init)
    [Anonymous Symbol]                       0x080038d6   Section        0  gd32e23x_gpio.o(.text.gpio_af_set)
    [Anonymous Symbol]                       0x08003996   Section        0  gd32e23x_gpio.o(.text.gpio_bit_reset)
    [Anonymous Symbol]                       0x080039a6   Section        0  gd32e23x_gpio.o(.text.gpio_bit_set)
    [Anonymous Symbol]                       0x080039b6   Section        0  gd32e23x_gpio.o(.text.gpio_bit_write)
    [Anonymous Symbol]                       0x080039da   Section        0  gd32e23x_gpio.o(.text.gpio_input_bit_get)
    [Anonymous Symbol]                       0x08003a0a   Section        0  gd32e23x_gpio.o(.text.gpio_mode_set)
    [Anonymous Symbol]                       0x08003a98   Section        0  gd32e23x_gpio.o(.text.gpio_output_options_set)
    icos                                     0x08003b23   Thumb Code    22  animation_demo.o(.text.icos)
    [Anonymous Symbol]                       0x08003b22   Section        0  animation_demo.o(.text.icos)
    isin                                     0x08003b39   Thumb Code   160  animation_demo.o(.text.isin)
    [Anonymous Symbol]                       0x08003b38   Section        0  animation_demo.o(.text.isin)
    __arm_cp.8_0                             0x08003bd8   Number         4  animation_demo.o(.text.isin)
    __arm_cp.8_1                             0x08003bdc   Number         4  animation_demo.o(.text.isin)
    [Anonymous Symbol]                       0x08003be0   Section        0  main.o(.text.main)
    __arm_cp.2_0                             0x08003c44   Number         4  main.o(.text.main)
    __arm_cp.2_1                             0x08003c48   Number         4  main.o(.text.main)
    __arm_cp.2_2                             0x08003c4c   Number         4  main.o(.text.main)
    [Anonymous Symbol]                       0x08003c50   Section        0  gd32e23x_misc.o(.text.nvic_vector_table_set)
    __arm_cp.7_0                             0x08003c6c   Number         4  gd32e23x_misc.o(.text.nvic_vector_table_set)
    __arm_cp.7_1                             0x08003c70   Number         4  gd32e23x_misc.o(.text.nvic_vector_table_set)
    [Anonymous Symbol]                       0x08003c74   Section        0  gd32e23x_rcu.o(.text.rcu_deinit)
    __arm_cp.0_2                             0x08003cec   Number         4  gd32e23x_rcu.o(.text.rcu_deinit)
    __arm_cp.0_3                             0x08003cf0   Number         4  gd32e23x_rcu.o(.text.rcu_deinit)
    __arm_cp.0_4                             0x08003cf4   Number         4  gd32e23x_rcu.o(.text.rcu_deinit)
    __arm_cp.0_5                             0x08003cf8   Number         4  gd32e23x_rcu.o(.text.rcu_deinit)
    __arm_cp.0_6                             0x08003cfc   Number         4  gd32e23x_rcu.o(.text.rcu_deinit)
    __arm_cp.0_7                             0x08003d00   Number         4  gd32e23x_rcu.o(.text.rcu_deinit)
    __arm_cp.0_8                             0x08003d04   Number         4  gd32e23x_rcu.o(.text.rcu_deinit)
    [Anonymous Symbol]                       0x08003d08   Section        0  gd32e23x_rcu.o(.text.rcu_periph_clock_enable)
    [Anonymous Symbol]                       0x08003d2c   Section        0  gd32e23x_rcu.o(.text.rcu_periph_reset_disable)
    [Anonymous Symbol]                       0x08003d50   Section        0  gd32e23x_rcu.o(.text.rcu_periph_reset_enable)
    __arm_cp.5_0                             0x08003d74   Number         4  gd32e23x_rcu.o(.text.rcu_periph_reset_enable)
    [Anonymous Symbol]                       0x08003d78   Section        0  gd32e23x_rcu.o(.text.rcu_system_clock_source_config)
    __arm_cp.9_0                             0x08003d9c   Number         4  gd32e23x_rcu.o(.text.rcu_system_clock_source_config)
    show_title                               0x08003da1   Thumb Code    96  animation_demo.o(.text.show_title)
    [Anonymous Symbol]                       0x08003da0   Section        0  animation_demo.o(.text.show_title)
    __arm_cp.1_0                             0x08003e00   Number         4  animation_demo.o(.text.show_title)
    __arm_cp.1_1                             0x08003e04   Number         4  animation_demo.o(.text.show_title)
    [Anonymous Symbol]                       0x08003e08   Section        0  gd32e23x_spi.o(.text.spi_disable)
    [Anonymous Symbol]                       0x08003e1a   Section        0  gd32e23x_spi.o(.text.spi_dma_enable)
    [Anonymous Symbol]                       0x08003e44   Section        0  gd32e23x_spi.o(.text.spi_enable)
    [Anonymous Symbol]                       0x08003e56   Section        0  gd32e23x_spi.o(.text.spi_fifo_access_size_config)
    [Anonymous Symbol]                       0x08003e78   Section        0  gd32e23x_spi.o(.text.spi_i2s_data_frame_format_config)
    [Anonymous Symbol]                       0x08003efc   Section        0  gd32e23x_spi.o(.text.spi_i2s_data_receive)
    [Anonymous Symbol]                       0x08003f4c   Section        0  gd32e23x_spi.o(.text.spi_i2s_data_transmit)
    [Anonymous Symbol]                       0x08003f98   Section        0  gd32e23x_spi.o(.text.spi_i2s_deinit)
    __arm_cp.0_0                             0x08003fdc   Number         4  gd32e23x_spi.o(.text.spi_i2s_deinit)
    __arm_cp.0_2                             0x08003fe0   Number         4  gd32e23x_spi.o(.text.spi_i2s_deinit)
    [Anonymous Symbol]                       0x08003fe4   Section        0  gd32e23x_spi.o(.text.spi_i2s_flag_get)
    [Anonymous Symbol]                       0x080040d4   Section        0  gd32e23x_spi.o(.text.spi_init)
    __arm_cp.2_0                             0x08004204   Number         4  gd32e23x_spi.o(.text.spi_init)
    __arm_cp.2_1                             0x08004208   Number         4  gd32e23x_spi.o(.text.spi_init)
    [Anonymous Symbol]                       0x0800420c   Section        0  gd32e23x_spi.o(.text.spi_struct_para_init)
    system_clock_72m_irc8m                   0x08004239   Thumb Code   316  system_gd32e23x.o(.text.system_clock_72m_irc8m)
    [Anonymous Symbol]                       0x08004238   Section        0  system_gd32e23x.o(.text.system_clock_72m_irc8m)
    __arm_cp.5_0                             0x08004374   Number         4  system_gd32e23x.o(.text.system_clock_72m_irc8m)
    __arm_cp.5_1                             0x08004378   Number         4  system_gd32e23x.o(.text.system_clock_72m_irc8m)
    __arm_cp.5_2                             0x0800437c   Number         4  system_gd32e23x.o(.text.system_clock_72m_irc8m)
    __arm_cp.5_3                             0x08004380   Number         4  system_gd32e23x.o(.text.system_clock_72m_irc8m)
    __arm_cp.5_4                             0x08004384   Number         4  system_gd32e23x.o(.text.system_clock_72m_irc8m)
    system_clock_config                      0x08004389   Thumb Code     8  system_gd32e23x.o(.text.system_clock_config)
    [Anonymous Symbol]                       0x08004388   Section        0  system_gd32e23x.o(.text.system_clock_config)
    [Anonymous Symbol]                       0x08004390   Section        0  gd32e23x_misc.o(.text.systick_clksource_set)
    __arm_cp.10_0                            0x080043b8   Number         4  gd32e23x_misc.o(.text.systick_clksource_set)
    [Anonymous Symbol]                       0x080043bc   Section        0  systick.o(.text.systick_config)
    __arm_cp.0_0                             0x080043e8   Number         4  systick.o(.text.systick_config)
    __arm_cp.0_1                             0x080043ec   Number         4  systick.o(.text.systick_config)
    __arm_cp.0_2                             0x080043f0   Number         4  systick.o(.text.systick_config)
    __arm_cp.0_3                             0x080043f4   Number         4  systick.o(.text.systick_config)
    __arm_cp.0_4                             0x080043f8   Number         4  systick.o(.text.systick_config)
    i.__0sprintf                             0x080043fc   Section        0  printfa.o(i.__0sprintf)
    i.__ARM_clz                              0x08004424   Section        0  depilogue.o(i.__ARM_clz)
    i.__scatterload_copy                     0x08004452   Section       14  handlers.o(i.__scatterload_copy)
    i.__scatterload_null                     0x08004460   Section        2  handlers.o(i.__scatterload_null)
    i.__scatterload_zeroinit                 0x08004462   Section       14  handlers.o(i.__scatterload_zeroinit)
    _fp_digits                               0x08004471   Thumb Code   344  printfa.o(i._fp_digits)
    i._fp_digits                             0x08004470   Section        0  printfa.o(i._fp_digits)
    _printf_core                             0x080045e5   Thumb Code  1754  printfa.o(i._printf_core)
    i._printf_core                           0x080045e4   Section        0  printfa.o(i._printf_core)
    _printf_post_padding                     0x08004cd1   Thumb Code    32  printfa.o(i._printf_post_padding)
    i._printf_post_padding                   0x08004cd0   Section        0  printfa.o(i._printf_post_padding)
    _printf_pre_padding                      0x08004cf1   Thumb Code    44  printfa.o(i._printf_pre_padding)
    i._printf_pre_padding                    0x08004cf0   Section        0  printfa.o(i._printf_pre_padding)
    _sputc                                   0x08004d1d   Thumb Code    10  printfa.o(i._sputc)
    i._sputc                                 0x08004d1c   Section        0  printfa.o(i._sputc)
    rainbow                                  0x0800811a   Data          24  animation_demo.o(.rodata.rainbow)
    [Anonymous Symbol]                       0x0800811a   Section        0  animation_demo.o(.rodata.rainbow)
    [Anonymous Symbol]                       0x08008132   Section        0  main.o(.rodata.str1.1)
    [Anonymous Symbol]                       0x08008232   Section        0  animation_demo.o(.rodata.str1.1)
    _rand_state                              0x20000000   Data           4  rand.o(.data)
    .data                                    0x20000000   Section        4  rand.o(.data)
    I2C_Scan_Display.last_count              0x20000004   Data           1  main.o(.data.I2C_Scan_Display.last_count)
    [Anonymous Symbol]                       0x20000004   Section        0  main.o(.data.I2C_Scan_Display.last_count)
    I2C_Scan_Display.last_addr               0x20000410   Data          10  main.o(.bss.I2C_Scan_Display.last_addr)
    [Anonymous Symbol]                       0x20000410   Section        0  main.o(.bss.I2C_Scan_Display.last_addr)
    count_1ms                                0x20000840   Data           4  systick.o(.bss.count_1ms)
    [Anonymous Symbol]                       0x20000840   Section        0  systick.o(.bss.count_1ms)
    count_1us                                0x20000844   Data           4  systick.o(.bss.count_1us)
    [Anonymous Symbol]                       0x20000844   Section        0  systick.o(.bss.count_1us)
    STACK                                    0x20000848   Section     1024  startup_gd32e23x.o(STACK)

    Global Symbols

    Symbol Name                              Value     Ov Type        Size  Object(Section)

    BuildAttributes$$THM_ISAv3M$S$8M$PE$A:L22$X:L11$S22$IEEE1$IW$~IW$USESV6$~STKCKD$USESV7$~SHL$OTIME$ROPI$IEEEJ$EBA8$MICROLIB$REQ8$PRES8$EABIv2 0x00000000   Number         0  anon$$obj.o ABSOLUTE
    __cpp_initialize__aeabi_                  - Undefined Weak Reference
    __cxa_finalize                            - Undefined Weak Reference
    __decompress                              - Undefined Weak Reference
    _clock_init                               - Undefined Weak Reference
    _microlib_exit                            - Undefined Weak Reference
    __Vectors_Size                           0x000000cc   Number         0  startup_gd32e23x.o ABSOLUTE
    __Vectors                                0x08000000   Data           4  startup_gd32e23x.o(RESET)
    __Vectors_End                            0x080000cc   Data           0  startup_gd32e23x.o(RESET)
    __main                                   0x080000cd   Thumb Code     0  entry.o(.ARM.Collect$$$$00000000)
    _main_stk                                0x080000cd   Thumb Code     0  entry2.o(.ARM.Collect$$$$00000001)
    _main_scatterload                        0x080000d1   Thumb Code     0  entry5.o(.ARM.Collect$$$$00000004)
    __main_after_scatterload                 0x080000d5   Thumb Code     0  entry5.o(.ARM.Collect$$$$00000004)
    _main_clock                              0x080000d5   Thumb Code     0  entry7b.o(.ARM.Collect$$$$00000008)
    _main_cpp_init                           0x080000d5   Thumb Code     0  entry8b.o(.ARM.Collect$$$$0000000A)
    _main_init                               0x080000d5   Thumb Code     0  entry9a.o(.ARM.Collect$$$$0000000B)
    __rt_final_cpp                           0x080000dd   Thumb Code     0  entry10a.o(.ARM.Collect$$$$0000000D)
    __rt_final_exit                          0x080000dd   Thumb Code     0  entry11a.o(.ARM.Collect$$$$0000000F)
    Reset_Handler                            0x080000e1   Thumb Code    34  startup_gd32e23x.o(.text)
    NMI_Handler                              0x08000103   Thumb Code     2  startup_gd32e23x.o(.text)
    HardFault_Handler                        0x08000105   Thumb Code     2  startup_gd32e23x.o(.text)
    SVC_Handler                              0x08000107   Thumb Code     2  startup_gd32e23x.o(.text)
    PendSV_Handler                           0x08000109   Thumb Code     2  startup_gd32e23x.o(.text)
    SysTick_Handler                          0x0800010b   Thumb Code     2  startup_gd32e23x.o(.text)
    ADC_CMP_IRQHandler                       0x0800010d   Thumb Code     0  startup_gd32e23x.o(.text)
    DMA_Channel0_IRQHandler                  0x0800010d   Thumb Code     0  startup_gd32e23x.o(.text)
    DMA_Channel1_2_IRQHandler                0x0800010d   Thumb Code     0  startup_gd32e23x.o(.text)
    DMA_Channel3_4_IRQHandler                0x0800010d   Thumb Code     0  startup_gd32e23x.o(.text)
    EXTI0_1_IRQHandler                       0x0800010d   Thumb Code     0  startup_gd32e23x.o(.text)
    EXTI2_3_IRQHandler                       0x0800010d   Thumb Code     0  startup_gd32e23x.o(.text)
    EXTI4_15_IRQHandler                      0x0800010d   Thumb Code     0  startup_gd32e23x.o(.text)
    FMC_IRQHandler                           0x0800010d   Thumb Code     0  startup_gd32e23x.o(.text)
    I2C0_ER_IRQHandler                       0x0800010d   Thumb Code     0  startup_gd32e23x.o(.text)
    I2C0_EV_IRQHandler                       0x0800010d   Thumb Code     0  startup_gd32e23x.o(.text)
    I2C1_ER_IRQHandler                       0x0800010d   Thumb Code     0  startup_gd32e23x.o(.text)
    I2C1_EV_IRQHandler                       0x0800010d   Thumb Code     0  startup_gd32e23x.o(.text)
    LVD_IRQHandler                           0x0800010d   Thumb Code     0  startup_gd32e23x.o(.text)
    RCU_IRQHandler                           0x0800010d   Thumb Code     0  startup_gd32e23x.o(.text)
    RTC_IRQHandler                           0x0800010d   Thumb Code     0  startup_gd32e23x.o(.text)
    SPI0_IRQHandler                          0x0800010d   Thumb Code     0  startup_gd32e23x.o(.text)
    SPI1_IRQHandler                          0x0800010d   Thumb Code     0  startup_gd32e23x.o(.text)
    TIMER0_BRK_UP_TRG_COM_IRQHandler         0x0800010d   Thumb Code     0  startup_gd32e23x.o(.text)
    TIMER0_Channel_IRQHandler                0x0800010d   Thumb Code     0  startup_gd32e23x.o(.text)
    TIMER13_IRQHandler                       0x0800010d   Thumb Code     0  startup_gd32e23x.o(.text)
    TIMER14_IRQHandler                       0x0800010d   Thumb Code     0  startup_gd32e23x.o(.text)
    TIMER15_IRQHandler                       0x0800010d   Thumb Code     0  startup_gd32e23x.o(.text)
    TIMER16_IRQHandler                       0x0800010d   Thumb Code     0  startup_gd32e23x.o(.text)
    TIMER2_IRQHandler                        0x0800010d   Thumb Code     0  startup_gd32e23x.o(.text)
    TIMER5_IRQHandler                        0x0800010d   Thumb Code     0  startup_gd32e23x.o(.text)
    USART0_IRQHandler                        0x0800010d   Thumb Code     0  startup_gd32e23x.o(.text)
    USART1_IRQHandler                        0x0800010d   Thumb Code     0  startup_gd32e23x.o(.text)
    WWDGT_IRQHandler                         0x0800010d   Thumb Code     0  startup_gd32e23x.o(.text)
    rand                                     0x08000125   Thumb Code    18  rand.o(.text)
    srand                                    0x08000137   Thumb Code     6  rand.o(.text)
    __aeabi_fmul                             0x08000149   Thumb Code   122  fmul.o(.text)
    __aeabi_fdiv                             0x080001c3   Thumb Code   124  fdiv.o(.text)
    __aeabi_ddiv                             0x08000241   Thumb Code   234  ddiv.o(.text)
    __aeabi_ui2f                             0x08000331   Thumb Code    14  ffltui.o(.text)
    __aeabi_f2uiz                            0x0800033f   Thumb Code    40  ffixui.o(.text)
    __aeabi_uldivmod                         0x08000367   Thumb Code    96  uldiv.o(.text)
    __aeabi_llsl                             0x080003c7   Thumb Code    32  llshl.o(.text)
    _ll_shift_l                              0x080003c7   Thumb Code     0  llshl.o(.text)
    __aeabi_llsr                             0x080003e7   Thumb Code    34  llushr.o(.text)
    _ll_ushift_r                             0x080003e7   Thumb Code     0  llushr.o(.text)
    __I$use$fp                               0x08000409   Thumb Code     0  iusefp.o(.text)
    _float_round                             0x08000409   Thumb Code    16  fepilogue.o(.text)
    _float_epilogue                          0x08000419   Thumb Code   114  fepilogue.o(.text)
    _double_round                            0x0800048b   Thumb Code    26  depilogue.o(.text)
    _double_epilogue                         0x080004a5   Thumb Code   164  depilogue.o(.text)
    __aeabi_dadd                             0x08000549   Thumb Code   328  dadd.o(.text)
    __aeabi_dsub                             0x08000691   Thumb Code    12  dadd.o(.text)
    __aeabi_drsub                            0x0800069d   Thumb Code    12  dadd.o(.text)
    __aeabi_dmul                             0x080006ad   Thumb Code   202  dmul.o(.text)
    __aeabi_d2ulz                            0x0800077d   Thumb Code    54  dfixul.o(.text)
    __aeabi_cdrcmple                         0x080007bd   Thumb Code    38  cdrcmple.o(.text)
    __scatterload                            0x080007e5   Thumb Code    38  init.o(.text)
    __scatterload_rt2                        0x080007e5   Thumb Code     0  init.o(.text)
    __aeabi_uidiv$div0                       0x08000815   Thumb Code     0  uidiv_div0.o(.text)
    __aeabi_uidivmod                         0x08000815   Thumb Code    62  uidiv_div0.o(.text)
    __aeabi_lasr                             0x08000853   Thumb Code    38  llsshr.o(.text)
    _ll_sshift_r                             0x08000853   Thumb Code     0  llsshr.o(.text)
    Animation_Demo                           0x08000879   Thumb Code    96  animation_demo.o(.text.Animation_Demo)
    Hardware_SPI0_Init                       0x080008fd   Thumb Code   128  hardware_spi.o(.text.Hardware_SPI0_Init)
    Hardware_SPI1_Init                       0x08000985   Thumb Code   144  hardware_spi.o(.text.Hardware_SPI1_Init)
    I2C_Scan_Display                         0x08000ce5   Thumb Code   632  main.o(.text.I2C_Scan_Display)
    LCD_Chip_Init                            0x08000f9d   Thumb Code   394  tft_lcd.o(.text.LCD_Chip_Init)
    LCD_Clear                                0x08001127   Thumb Code    94  tft_lcd.o(.text.LCD_Clear)
    LCD_Display                              0x08001185   Thumb Code   432  tft_lcd.o(.text.LCD_Display)
    LCD_Display_Color                        0x08001335   Thumb Code   468  tft_lcd.o(.text.LCD_Display_Color)
    LCD_Display_DrawPoint                    0x08001521   Thumb Code    44  tft_lcd.o(.text.LCD_Display_DrawPoint)
    LCD_Send_CMD_1B                          0x0800154d   Thumb Code    80  tft_lcd.o(.text.LCD_Send_CMD_1B)
    LCD_Send_Data                            0x0800159d   Thumb Code    90  tft_lcd.o(.text.LCD_Send_Data)
    LCD_Send_Data_1B                         0x080015f7   Thumb Code    50  tft_lcd.o(.text.LCD_Send_Data_1B)
    LCD_Send_Data_2B                         0x08001629   Thumb Code    58  tft_lcd.o(.text.LCD_Send_Data_2B)
    LCD_ShowChar                             0x08001665   Thumb Code   436  tft_lcd.o(.text.LCD_ShowChar)
    LCD_ShowString                           0x0800182d   Thumb Code   106  tft_lcd.o(.text.LCD_ShowString)
    NorFlash_25Q_Init                        0x08001899   Thumb Code   116  norflash_25q.o(.text.NorFlash_25Q_Init)
    NorFlash_25Q_Read_Buffer                 0x08001921   Thumb Code    92  norflash_25q.o(.text.NorFlash_25Q_Read_Buffer)
    NorFlash_25Q_Read_ID                     0x0800197d   Thumb Code   100  norflash_25q.o(.text.NorFlash_25Q_Read_ID)
    NorFlash_25Q_Read_JEDEC_ID               0x080019e1   Thumb Code    88  norflash_25q.o(.text.NorFlash_25Q_Read_JEDEC_ID)
    NorFlash_25Q_Unique_ID                   0x08001a39   Thumb Code    80  norflash_25q.o(.text.NorFlash_25Q_Unique_ID)
    RCU_Init                                 0x08001a8d   Thumb Code   436  rcu.o(.text.RCU_Init)
    SH7789_Address_Set                       0x08001c55   Thumb Code   104  tft_lcd.o(.text.SH7789_Address_Set)
    SPI0_Write                               0x08001cc5   Thumb Code    40  hardware_spi.o(.text.SPI0_Write)
    SPI1_Blocked_Transmit_Byte               0x08001cf1   Thumb Code    64  hardware_spi.o(.text.SPI1_Blocked_Transmit_Byte)
    SPI1_DMA_Transmit                        0x08001d31   Thumb Code   272  hardware_spi.o(.text.SPI1_DMA_Transmit)
    Software_IIC_Init                        0x08001f01   Thumb Code    84  software_iic.o(.text.Software_IIC_Init)
    Software_IIC_SCAN                        0x08001f59   Thumb Code   176  software_iic.o(.text.Software_IIC_SCAN)
    Software_IIC_Send_Byte                   0x08002011   Thumb Code   156  software_iic.o(.text.Software_IIC_Send_Byte)
    Software_IIC_Start                       0x080020ad   Thumb Code    96  software_iic.o(.text.Software_IIC_Start)
    Software_IIC_Stop                        0x0800210d   Thumb Code    84  software_iic.o(.text.Software_IIC_Stop)
    Software_IIC_Wait_Ack                    0x08002161   Thumb Code   128  software_iic.o(.text.Software_IIC_Wait_Ack)
    Software_SDA_Direction                   0x080021e1   Thumb Code    52  software_iic.o(.text.Software_SDA_Direction)
    SystemInit                               0x08002219   Thumb Code   272  system_gd32e23x.o(.text.SystemInit)
    TFT_LCD_Init                             0x0800234d   Thumb Code   264  tft_lcd.o(.text.TFT_LCD_Init)
    delay_1ms                                0x08003591   Thumb Code   112  systick.o(.text.delay_1ms)
    delay_1us                                0x08003605   Thumb Code   112  systick.o(.text.delay_1us)
    dma_channel_disable                      0x08003685   Thumb Code    28  gd32e23x_dma.o(.text.dma_channel_disable)
    dma_channel_enable                       0x080036a1   Thumb Code    28  gd32e23x_dma.o(.text.dma_channel_enable)
    dma_circulation_disable                  0x080036bd   Thumb Code    28  gd32e23x_dma.o(.text.dma_circulation_disable)
    dma_deinit                               0x080036d9   Thumb Code    88  gd32e23x_dma.o(.text.dma_deinit)
    dma_flag_get                             0x08003735   Thumb Code    52  gd32e23x_dma.o(.text.dma_flag_get)
    dma_init                                 0x0800376d   Thumb Code   268  gd32e23x_dma.o(.text.dma_init)
    dma_memory_to_memory_disable             0x08003885   Thumb Code    32  gd32e23x_dma.o(.text.dma_memory_to_memory_disable)
    dma_struct_para_init                     0x080038a9   Thumb Code    46  gd32e23x_dma.o(.text.dma_struct_para_init)
    gpio_af_set                              0x080038d7   Thumb Code   192  gd32e23x_gpio.o(.text.gpio_af_set)
    gpio_bit_reset                           0x08003997   Thumb Code    16  gd32e23x_gpio.o(.text.gpio_bit_reset)
    gpio_bit_set                             0x080039a7   Thumb Code    16  gd32e23x_gpio.o(.text.gpio_bit_set)
    gpio_bit_write                           0x080039b7   Thumb Code    36  gd32e23x_gpio.o(.text.gpio_bit_write)
    gpio_input_bit_get                       0x080039db   Thumb Code    48  gd32e23x_gpio.o(.text.gpio_input_bit_get)
    gpio_mode_set                            0x08003a0b   Thumb Code   142  gd32e23x_gpio.o(.text.gpio_mode_set)
    gpio_output_options_set                  0x08003a99   Thumb Code   138  gd32e23x_gpio.o(.text.gpio_output_options_set)
    main                                     0x08003be1   Thumb Code   100  main.o(.text.main)
    nvic_vector_table_set                    0x08003c51   Thumb Code    28  gd32e23x_misc.o(.text.nvic_vector_table_set)
    rcu_deinit                               0x08003c75   Thumb Code   120  gd32e23x_rcu.o(.text.rcu_deinit)
    rcu_periph_clock_enable                  0x08003d09   Thumb Code    36  gd32e23x_rcu.o(.text.rcu_periph_clock_enable)
    rcu_periph_reset_disable                 0x08003d2d   Thumb Code    36  gd32e23x_rcu.o(.text.rcu_periph_reset_disable)
    rcu_periph_reset_enable                  0x08003d51   Thumb Code    36  gd32e23x_rcu.o(.text.rcu_periph_reset_enable)
    rcu_system_clock_source_config           0x08003d79   Thumb Code    36  gd32e23x_rcu.o(.text.rcu_system_clock_source_config)
    spi_disable                              0x08003e09   Thumb Code    18  gd32e23x_spi.o(.text.spi_disable)
    spi_dma_enable                           0x08003e1b   Thumb Code    42  gd32e23x_spi.o(.text.spi_dma_enable)
    spi_enable                               0x08003e45   Thumb Code    18  gd32e23x_spi.o(.text.spi_enable)
    spi_fifo_access_size_config              0x08003e57   Thumb Code    34  gd32e23x_spi.o(.text.spi_fifo_access_size_config)
    spi_i2s_data_frame_format_config         0x08003e79   Thumb Code   132  gd32e23x_spi.o(.text.spi_i2s_data_frame_format_config)
    spi_i2s_data_receive                     0x08003efd   Thumb Code    80  gd32e23x_spi.o(.text.spi_i2s_data_receive)
    spi_i2s_data_transmit                    0x08003f4d   Thumb Code    76  gd32e23x_spi.o(.text.spi_i2s_data_transmit)
    spi_i2s_deinit                           0x08003f99   Thumb Code    68  gd32e23x_spi.o(.text.spi_i2s_deinit)
    spi_i2s_flag_get                         0x08003fe5   Thumb Code   240  gd32e23x_spi.o(.text.spi_i2s_flag_get)
    spi_init                                 0x080040d5   Thumb Code   304  gd32e23x_spi.o(.text.spi_init)
    spi_struct_para_init                     0x0800420d   Thumb Code    42  gd32e23x_spi.o(.text.spi_struct_para_init)
    systick_clksource_set                    0x08004391   Thumb Code    40  gd32e23x_misc.o(.text.systick_clksource_set)
    systick_config                           0x080043bd   Thumb Code    44  systick.o(.text.systick_config)
    __0sprintf                               0x080043fd   Thumb Code    36  printfa.o(i.__0sprintf)
    __1sprintf                               0x080043fd   Thumb Code     0  printfa.o(i.__0sprintf)
    __2sprintf                               0x080043fd   Thumb Code     0  printfa.o(i.__0sprintf)
    __c89sprintf                             0x080043fd   Thumb Code     0  printfa.o(i.__0sprintf)
    sprintf                                  0x080043fd   Thumb Code     0  printfa.o(i.__0sprintf)
    __ARM_clz                                0x08004425   Thumb Code    46  depilogue.o(i.__ARM_clz)
    __scatterload_copy                       0x08004453   Thumb Code    14  handlers.o(i.__scatterload_copy)
    __scatterload_null                       0x08004461   Thumb Code     2  handlers.o(i.__scatterload_null)
    __scatterload_zeroinit                   0x08004463   Thumb Code    14  handlers.o(i.__scatterload_zeroinit)
    ascii_1206                               0x08004d26   Data        1140  tft_lcd.o(.rodata.ascii_1206)
    ascii_1608                               0x0800519a   Data        1520  tft_lcd.o(.rodata.ascii_1608)
    ascii_2412                               0x0800578a   Data        4560  tft_lcd.o(.rodata.ascii_2412)
    ascii_3216                               0x0800695a   Data        6080  tft_lcd.o(.rodata.ascii_3216)
    Region$$Table$$Base                      0x08008284   Number         0  anon$$obj.o(Region$$Table)
    Region$$Table$$Limit                     0x080082a4   Number         0  anon$$obj.o(Region$$Table)
    SystemCoreClock                          0x20000008   Data           4  system_gd32e23x.o(.data.SystemCoreClock)
    app_int                                  0x2000000c   Data           4  main.o(.data.app_int)
    Display_Buff                             0x20000010   Data        1024  tft_lcd.o(.bss.Display_Buff)
    IIC_ADDN                                 0x2000041a   Data           1  software_iic.o(.bss.IIC_ADDN)
    IIC_ADDT                                 0x2000041b   Data          10  software_iic.o(.bss.IIC_ADDT)
    NorFlash_ID                              0x20000426   Data           2  norflash_25q.o(.bss.NorFlash_ID)
    NorFlash_JID                             0x20000428   Data           4  norflash_25q.o(.bss.NorFlash_JID)
    NorFlash_UID                             0x2000042c   Data          16  norflash_25q.o(.bss.NorFlash_UID)
    TEST_Data1                               0x2000043c   Data        1024  main.o(.bss.TEST_Data1)
    X_Offset                                 0x2000083c   Data           1  tft_lcd.o(.bss.X_Offset)
    Y_Offset                                 0x2000083d   Data           1  tft_lcd.o(.bss.Y_Offset)
    __initial_sp                             0x20000c48   Data           0  startup_gd32e23x.o(STACK)



==============================================================================

Memory Map of the image

  Image Entry point : 0x080000cd

  Load Region LR_IROM1 (Base: 0x08000000, Size: 0x000082b8, Max: 0x00010000, ABSOLUTE)

    Execution Region ER_IROM1 (Exec base: 0x08000000, Load base: 0x08000000, Size: 0x000082a4, Max: 0x00010000, ABSOLUTE)

    Exec Addr    Load Addr    Size         Type   Attr      Idx    E Section Name        Object

    0x08000000   0x08000000   0x000000cc   Data   RO            3    RESET               startup_gd32e23x.o
    0x080000cc   0x080000cc   0x00000000   Code   RO         1393  * .ARM.Collect$$$$00000000  mc_p.l(entry.o)
    0x080000cc   0x080000cc   0x00000004   Code   RO         1451    .ARM.Collect$$$$00000001  mc_p.l(entry2.o)
    0x080000d0   0x080000d0   0x00000004   Code   RO         1454    .ARM.Collect$$$$00000004  mc_p.l(entry5.o)
    0x080000d4   0x080000d4   0x00000000   Code   RO         1456    .ARM.Collect$$$$00000008  mc_p.l(entry7b.o)
    0x080000d4   0x080000d4   0x00000000   Code   RO         1458    .ARM.Collect$$$$0000000A  mc_p.l(entry8b.o)
    0x080000d4   0x080000d4   0x00000008   Code   RO         1459    .ARM.Collect$$$$0000000B  mc_p.l(entry9a.o)
    0x080000dc   0x080000dc   0x00000000   Code   RO         1461    .ARM.Collect$$$$0000000D  mc_p.l(entry10a.o)
    0x080000dc   0x080000dc   0x00000000   Code   RO         1463    .ARM.Collect$$$$0000000F  mc_p.l(entry11a.o)
    0x080000dc   0x080000dc   0x00000004   Code   RO         1452    .ARM.Collect$$$$00002712  mc_p.l(entry2.o)
    0x080000e0   0x080000e0   0x00000044   Code   RO            4    .text               startup_gd32e23x.o
    0x08000124   0x08000124   0x00000024   Code   RO         1398    .text               mc_p.l(rand.o)
    0x08000148   0x08000148   0x0000007a   Code   RO         1429    .text               mf_p.l(fmul.o)
    0x080001c2   0x080001c2   0x0000007c   Code   RO         1431    .text               mf_p.l(fdiv.o)
    0x0800023e   0x0800023e   0x00000002   PAD
    0x08000240   0x08000240   0x000000f0   Code   RO         1433    .text               mf_p.l(ddiv.o)
    0x08000330   0x08000330   0x0000000e   Code   RO         1441    .text               mf_p.l(ffltui.o)
    0x0800033e   0x0800033e   0x00000028   Code   RO         1443    .text               mf_p.l(ffixui.o)
    0x08000366   0x08000366   0x00000060   Code   RO         1474    .text               mc_p.l(uldiv.o)
    0x080003c6   0x080003c6   0x00000020   Code   RO         1476    .text               mc_p.l(llshl.o)
    0x080003e6   0x080003e6   0x00000022   Code   RO         1478    .text               mc_p.l(llushr.o)
    0x08000408   0x08000408   0x00000000   Code   RO         1480    .text               mc_p.l(iusefp.o)
    0x08000408   0x08000408   0x00000082   Code   RO         1481    .text               mf_p.l(fepilogue.o)
    0x0800048a   0x0800048a   0x000000be   Code   RO         1483    .text               mf_p.l(depilogue.o)
    0x08000548   0x08000548   0x00000164   Code   RO         1487    .text               mf_p.l(dadd.o)
    0x080006ac   0x080006ac   0x000000d0   Code   RO         1489    .text               mf_p.l(dmul.o)
    0x0800077c   0x0800077c   0x00000040   Code   RO         1493    .text               mf_p.l(dfixul.o)
    0x080007bc   0x080007bc   0x00000028   Code   RO         1497    .text               mf_p.l(cdrcmple.o)
    0x080007e4   0x080007e4   0x00000030   Code   RO         1499    .text               mc_p.l(init.o)
    0x08000814   0x08000814   0x0000003e   Code   RO         1504    .text               mc_p.l(uidiv_div0.o)
    0x08000852   0x08000852   0x00000026   Code   RO         1510    .text               mc_p.l(llsshr.o)
    0x08000878   0x08000878   0x00000084   Code   RO         1365    .text.Animation_Demo  animation_demo.o
    0x080008fc   0x080008fc   0x00000088   Code   RO         1171    .text.Hardware_SPI0_Init  hardware_spi.o
    0x08000984   0x08000984   0x000000a0   Code   RO         1175    .text.Hardware_SPI1_Init  hardware_spi.o
    0x08000a24   0x08000a24   0x000002c0   Code   RO         1346    .text.I2C_Get_Device_Name  main.o
    0x08000ce4   0x08000ce4   0x000002b8   Code   RO         1344    .text.I2C_Scan_Display  main.o
    0x08000f9c   0x08000f9c   0x0000018a   Code   RO         1231    .text.LCD_Chip_Init  tft_lcd.o
    0x08001126   0x08001126   0x0000005e   Code   RO         1255    .text.LCD_Clear     tft_lcd.o
    0x08001184   0x08001184   0x000001b0   Code   RO         1243    .text.LCD_Display   tft_lcd.o
    0x08001334   0x08001334   0x000001ec   Code   RO         1245    .text.LCD_Display_Color  tft_lcd.o
    0x08001520   0x08001520   0x0000002c   Code   RO         1251    .text.LCD_Display_DrawPoint  tft_lcd.o
    0x0800154c   0x0800154c   0x00000050   Code   RO         1235    .text.LCD_Send_CMD_1B  tft_lcd.o
    0x0800159c   0x0800159c   0x0000005a   Code   RO         1241    .text.LCD_Send_Data  tft_lcd.o
    0x080015f6   0x080015f6   0x00000032   Code   RO         1237    .text.LCD_Send_Data_1B  tft_lcd.o
    0x08001628   0x08001628   0x0000003a   Code   RO         1239    .text.LCD_Send_Data_2B  tft_lcd.o
    0x08001662   0x08001662   0x00000002   PAD
    0x08001664   0x08001664   0x000001c8   Code   RO         1257    .text.LCD_ShowChar  tft_lcd.o
    0x0800182c   0x0800182c   0x0000006a   Code   RO         1261    .text.LCD_ShowString  tft_lcd.o
    0x08001896   0x08001896   0x00000002   PAD
    0x08001898   0x08001898   0x00000088   Code   RO         1288    .text.NorFlash_25Q_Init  norflash_25q.o
    0x08001920   0x08001920   0x0000005c   Code   RO         1314    .text.NorFlash_25Q_Read_Buffer  norflash_25q.o
    0x0800197c   0x0800197c   0x00000064   Code   RO         1290    .text.NorFlash_25Q_Read_ID  norflash_25q.o
    0x080019e0   0x080019e0   0x00000058   Code   RO         1292    .text.NorFlash_25Q_Read_JEDEC_ID  norflash_25q.o
    0x08001a38   0x08001a38   0x00000054   Code   RO         1294    .text.NorFlash_25Q_Unique_ID  norflash_25q.o
    0x08001a8c   0x08001a8c   0x000001c8   Code   RO         1160    .text.RCU_Init      rcu.o
    0x08001c54   0x08001c54   0x00000070   Code   RO         1249    .text.SH7789_Address_Set  tft_lcd.o
    0x08001cc4   0x08001cc4   0x0000002c   Code   RO         1173    .text.SPI0_Write    hardware_spi.o
    0x08001cf0   0x08001cf0   0x00000040   Code   RO         1177    .text.SPI1_Blocked_Transmit_Byte  hardware_spi.o
    0x08001d30   0x08001d30   0x00000118   Code   RO         1181    .text.SPI1_DMA_Transmit  hardware_spi.o
    0x08001e48   0x08001e48   0x000000b8   Code   RO         1218    .text.Software_IIC_Bus_Recovery  software_iic.o
    0x08001f00   0x08001f00   0x00000058   Code   RO         1190    .text.Software_IIC_Init  software_iic.o
    0x08001f58   0x08001f58   0x000000b8   Code   RO         1192    .text.Software_IIC_SCAN  software_iic.o
    0x08002010   0x08002010   0x0000009c   Code   RO         1206    .text.Software_IIC_Send_Byte  software_iic.o
    0x080020ac   0x080020ac   0x00000060   Code   RO         1196    .text.Software_IIC_Start  software_iic.o
    0x0800210c   0x0800210c   0x00000054   Code   RO         1198    .text.Software_IIC_Stop  software_iic.o
    0x08002160   0x08002160   0x00000080   Code   RO         1200    .text.Software_IIC_Wait_Ack  software_iic.o
    0x080021e0   0x080021e0   0x00000038   Code   RO         1194    .text.Software_SDA_Direction  software_iic.o
    0x08002218   0x08002218   0x00000134   Code   RO           11    .text.SystemInit    system_gd32e23x.o
    0x0800234c   0x0800234c   0x0000011c   Code   RO         1229    .text.TFT_LCD_Init  tft_lcd.o
    0x08002468   0x08002468   0x00000026   Code   RO           13    .text._soft_delay_  system_gd32e23x.o
    0x0800248e   0x0800248e   0x00000026   Code   RO         1162    .text._soft_delay_  rcu.o
    0x080024b4   0x080024b4   0x000003b4   Code   RO         1369    .text.anim_bouncing_balls  animation_demo.o
    0x08002868   0x08002868   0x000001bc   Code   RO         1373    .text.anim_color_sweep  animation_demo.o
    0x08002a24   0x08002a24   0x00000620   Code   RO         1371    .text.anim_radar_sweep  animation_demo.o
    0x08003044   0x08003044   0x00000298   Code   RO         1377    .text.anim_ripple   animation_demo.o
    0x080032dc   0x080032dc   0x000002b4   Code   RO         1375    .text.anim_starfield  animation_demo.o
    0x08003590   0x08003590   0x00000074   Code   RO         1149    .text.delay_1ms     systick.o
    0x08003604   0x08003604   0x00000080   Code   RO         1147    .text.delay_1us     systick.o
    0x08003684   0x08003684   0x0000001c   Code   RO          190    .text.dma_channel_disable  gd32e23x_dma.o
    0x080036a0   0x080036a0   0x0000001c   Code   RO          200    .text.dma_channel_enable  gd32e23x_dma.o
    0x080036bc   0x080036bc   0x0000001c   Code   RO          194    .text.dma_circulation_disable  gd32e23x_dma.o
    0x080036d8   0x080036d8   0x0000005c   Code   RO          184    .text.dma_deinit    gd32e23x_dma.o
    0x08003734   0x08003734   0x00000038   Code   RO          226    .text.dma_flag_get  gd32e23x_dma.o
    0x0800376c   0x0800376c   0x00000118   Code   RO          188    .text.dma_init      gd32e23x_dma.o
    0x08003884   0x08003884   0x00000024   Code   RO          198    .text.dma_memory_to_memory_disable  gd32e23x_dma.o
    0x080038a8   0x080038a8   0x0000002e   Code   RO          186    .text.dma_struct_para_init  gd32e23x_dma.o
    0x080038d6   0x080038d6   0x000000c0   Code   RO          390    .text.gpio_af_set   gd32e23x_gpio.o
    0x08003996   0x08003996   0x00000010   Code   RO          376    .text.gpio_bit_reset  gd32e23x_gpio.o
    0x080039a6   0x080039a6   0x00000010   Code   RO          374    .text.gpio_bit_set  gd32e23x_gpio.o
    0x080039b6   0x080039b6   0x00000024   Code   RO          378    .text.gpio_bit_write  gd32e23x_gpio.o
    0x080039da   0x080039da   0x00000030   Code   RO          382    .text.gpio_input_bit_get  gd32e23x_gpio.o
    0x08003a0a   0x08003a0a   0x0000008e   Code   RO          370    .text.gpio_mode_set  gd32e23x_gpio.o
    0x08003a98   0x08003a98   0x0000008a   Code   RO          372    .text.gpio_output_options_set  gd32e23x_gpio.o
    0x08003b22   0x08003b22   0x00000016   Code   RO         1379    .text.icos          animation_demo.o
    0x08003b38   0x08003b38   0x000000a8   Code   RO         1381    .text.isin          animation_demo.o
    0x08003be0   0x08003be0   0x00000070   Code   RO         1348    .text.main          main.o
    0x08003c50   0x08003c50   0x00000024   Code   RO          498    .text.nvic_vector_table_set  gd32e23x_misc.o
    0x08003c74   0x08003c74   0x00000094   Code   RO          546    .text.rcu_deinit    gd32e23x_rcu.o
    0x08003d08   0x08003d08   0x00000024   Code   RO          548    .text.rcu_periph_clock_enable  gd32e23x_rcu.o
    0x08003d2c   0x08003d2c   0x00000024   Code   RO          558    .text.rcu_periph_reset_disable  gd32e23x_rcu.o
    0x08003d50   0x08003d50   0x00000028   Code   RO          556    .text.rcu_periph_reset_enable  gd32e23x_rcu.o
    0x08003d78   0x08003d78   0x00000028   Code   RO          564    .text.rcu_system_clock_source_config  gd32e23x_rcu.o
    0x08003da0   0x08003da0   0x00000068   Code   RO         1367    .text.show_title    animation_demo.o
    0x08003e08   0x08003e08   0x00000012   Code   RO          710    .text.spi_disable   gd32e23x_spi.o
    0x08003e1a   0x08003e1a   0x0000002a   Code   RO          728    .text.spi_dma_enable  gd32e23x_spi.o
    0x08003e44   0x08003e44   0x00000012   Code   RO          708    .text.spi_enable    gd32e23x_spi.o
    0x08003e56   0x08003e56   0x00000022   Code   RO          738    .text.spi_fifo_access_size_config  gd32e23x_spi.o
    0x08003e78   0x08003e78   0x00000084   Code   RO          736    .text.spi_i2s_data_frame_format_config  gd32e23x_spi.o
    0x08003efc   0x08003efc   0x00000050   Code   RO          744    .text.spi_i2s_data_receive  gd32e23x_spi.o
    0x08003f4c   0x08003f4c   0x0000004c   Code   RO          742    .text.spi_i2s_data_transmit  gd32e23x_spi.o
    0x08003f98   0x08003f98   0x0000004c   Code   RO          702    .text.spi_i2s_deinit  gd32e23x_spi.o
    0x08003fe4   0x08003fe4   0x000000f0   Code   RO          780    .text.spi_i2s_flag_get  gd32e23x_spi.o
    0x080040d4   0x080040d4   0x00000138   Code   RO          706    .text.spi_init      gd32e23x_spi.o
    0x0800420c   0x0800420c   0x0000002a   Code   RO          704    .text.spi_struct_para_init  gd32e23x_spi.o
    0x08004236   0x08004236   0x00000002   PAD
    0x08004238   0x08004238   0x00000150   Code   RO           21    .text.system_clock_72m_irc8m  system_gd32e23x.o
    0x08004388   0x08004388   0x00000008   Code   RO           15    .text.system_clock_config  system_gd32e23x.o
    0x08004390   0x08004390   0x0000002c   Code   RO          504    .text.systick_clksource_set  gd32e23x_misc.o
    0x080043bc   0x080043bc   0x00000040   Code   RO         1145    .text.systick_config  systick.o
    0x080043fc   0x080043fc   0x00000028   Code   RO         1404    i.__0sprintf        mc_p.l(printfa.o)
    0x08004424   0x08004424   0x0000002e   Code   RO         1485    i.__ARM_clz         mf_p.l(depilogue.o)
    0x08004452   0x08004452   0x0000000e   Code   RO         1515    i.__scatterload_copy  mc_p.l(handlers.o)
    0x08004460   0x08004460   0x00000002   Code   RO         1516    i.__scatterload_null  mc_p.l(handlers.o)
    0x08004462   0x08004462   0x0000000e   Code   RO         1517    i.__scatterload_zeroinit  mc_p.l(handlers.o)
    0x08004470   0x08004470   0x00000174   Code   RO         1409    i._fp_digits        mc_p.l(printfa.o)
    0x080045e4   0x080045e4   0x000006ec   Code   RO         1410    i._printf_core      mc_p.l(printfa.o)
    0x08004cd0   0x08004cd0   0x00000020   Code   RO         1411    i._printf_post_padding  mc_p.l(printfa.o)
    0x08004cf0   0x08004cf0   0x0000002c   Code   RO         1412    i._printf_pre_padding  mc_p.l(printfa.o)
    0x08004d1c   0x08004d1c   0x0000000a   Code   RO         1414    i._sputc            mc_p.l(printfa.o)
    0x08004d26   0x08004d26   0x00000474   Data   RO         1267    .rodata.ascii_1206  tft_lcd.o
    0x0800519a   0x0800519a   0x000005f0   Data   RO         1268    .rodata.ascii_1608  tft_lcd.o
    0x0800578a   0x0800578a   0x000011d0   Data   RO         1269    .rodata.ascii_2412  tft_lcd.o
    0x0800695a   0x0800695a   0x000017c0   Data   RO         1270    .rodata.ascii_3216  tft_lcd.o
    0x0800811a   0x0800811a   0x00000018   Data   RO         1384    .rodata.rainbow     animation_demo.o
    0x08008132   0x08008132   0x00000100   Data   RO         1355    .rodata.str1.1      main.o
    0x08008232   0x08008232   0x00000051   Data   RO         1383    .rodata.str1.1      animation_demo.o
    0x08008283   0x08008283   0x00000001   PAD
    0x08008284   0x08008284   0x00000020   Data   RO         1514    Region$$Table       anon$$obj.o


    Execution Region RW_IRAM1 (Exec base: 0x20000000, Load base: 0x080082a8, Size: 0x00000c48, Max: 0x00002000, ABSOLUTE)

    Exec Addr    Load Addr    Size         Type   Attr      Idx    E Section Name        Object

    0x20000000   0x080082a8   0x00000004   Data   RW         1399    .data               mc_p.l(rand.o)
    0x20000004   0x080082ac   0x00000001   Data   RW         1353    .data.I2C_Scan_Display.last_count  main.o
    0x20000005   0x080082ad   0x00000003   PAD
    0x20000008   0x080082b0   0x00000004   Data   RW           23    .data.SystemCoreClock  system_gd32e23x.o
    0x2000000c   0x080082b4   0x00000004   Data   RW         1352    .data.app_int       main.o
    0x20000010        -       0x00000400   Zero   RW         1274    .bss.Display_Buff   tft_lcd.o
    0x20000410        -       0x0000000a   Zero   RW         1354    .bss.I2C_Scan_Display.last_addr  main.o
    0x2000041a        -       0x00000001   Zero   RW         1220    .bss.IIC_ADDN       software_iic.o
    0x2000041b        -       0x0000000a   Zero   RW         1221    .bss.IIC_ADDT       software_iic.o
    0x20000425   0x080082b8   0x00000001   PAD
    0x20000426        -       0x00000002   Zero   RW         1318    .bss.NorFlash_ID    norflash_25q.o
    0x20000428        -       0x00000004   Zero   RW         1319    .bss.NorFlash_JID   norflash_25q.o
    0x2000042c        -       0x00000010   Zero   RW         1320    .bss.NorFlash_UID   norflash_25q.o
    0x2000043c        -       0x00000400   Zero   RW         1356    .bss.TEST_Data1     main.o
    0x2000083c        -       0x00000001   Zero   RW         1272    .bss.X_Offset       tft_lcd.o
    0x2000083d        -       0x00000001   Zero   RW         1273    .bss.Y_Offset       tft_lcd.o
    0x2000083e   0x080082b8   0x00000002   PAD
    0x20000840        -       0x00000004   Zero   RW         1152    .bss.count_1ms      systick.o
    0x20000844        -       0x00000004   Zero   RW         1151    .bss.count_1us      systick.o
    0x20000848        -       0x00000400   Zero   RW            1    STACK               startup_gd32e23x.o


==============================================================================

Image component sizes


      Code (inc. data)   RO Data    RW Data    ZI Data      Debug   Object Name

      4742        108        105          0          0       7443   animation_demo.o
       594         24          0          0          0       5444   gd32e23x_dma.o
       588          0          0          0          0       4179   gd32e23x_gpio.o
        80         12          0          0          0       3770   gd32e23x_misc.o
       300         36          0          0          0      11215   gd32e23x_rcu.o
      1070         16          0          0          0       8994   gd32e23x_spi.o
       684         36          0          0          0       3009   hardware_spi.o
      1512        160        256          5       1034       2469   main.o
       500         24          0          0         22       3789   norflash_25q.o
       494         20          0          0          0       1222   rcu.o
       976         16          0          0         11       4487   software_iic.o
        68         22        204          0       1024        676   startup_gd32e23x.o
       690         56          0          4          0       2372   system_gd32e23x.o
       308         40          0          0          8       1303   systick.o
      2692         72      13300          0       1026       9081   tft_lcd.o

    ----------------------------------------------------------------------
     15304        642      13898         12       3128      69453   Object Totals
         0          0         32          0          0          0   (incl. Generated)
         6          0          1          3          3          0   (incl. Padding)

    ----------------------------------------------------------------------

      Code (inc. data)   RO Data    RW Data    ZI Data      Debug   Library Member Name

         0          0          0          0          0          0   entry.o
         0          0          0          0          0          0   entry10a.o
         0          0          0          0          0          0   entry11a.o
         8          4          0          0          0          0   entry2.o
         4          0          0          0          0          0   entry5.o
         0          0          0          0          0          0   entry7b.o
         0          0          0          0          0          0   entry8b.o
         8          4          0          0          0          0   entry9a.o
        30          0          0          0          0          0   handlers.o
        48         10          0          0          0         68   init.o
         0          0          0          0          0          0   iusefp.o
        32          0          0          0          0         68   llshl.o
        38          0          0          0          0         68   llsshr.o
        34          0          0          0          0         68   llushr.o
      2270         94          0          0          0        472   printfa.o
        36         12          0          4          0        120   rand.o
        62          0          0          0          0         72   uidiv_div0.o
        96          0          0          0          0         84   uldiv.o
        40          2          0          0          0         68   cdrcmple.o
       356          4          0          0          0        140   dadd.o
       240          6          0          0          0         84   ddiv.o
       236          0          0          0          0        216   depilogue.o
        64         10          0          0          0         68   dfixul.o
       208          6          0          0          0         88   dmul.o
       124          0          0          0          0         72   fdiv.o
       130          0          0          0          0        144   fepilogue.o
        40          0          0          0          0         60   ffixui.o
        14          0          0          0          0         68   ffltui.o
       122          0          0          0          0         72   fmul.o

    ----------------------------------------------------------------------
      4242        152          0          4          0       2100   Library Totals
         2          0          0          0          0          0   (incl. Padding)

    ----------------------------------------------------------------------

      Code (inc. data)   RO Data    RW Data    ZI Data      Debug   Library Name

      2666        124          0          4          0       1020   mc_p.l
      1574         28          0          0          0       1080   mf_p.l

    ----------------------------------------------------------------------
      4242        152          0          4          0       2100   Library Totals

    ----------------------------------------------------------------------

==============================================================================


      Code (inc. data)   RO Data    RW Data    ZI Data      Debug   

     19546        794      13898         16       3128      70425   Grand Totals
     19546        794      13898         16       3128      70425   ELF Image Totals
     19546        794      13898         16          0          0   ROM Totals

==============================================================================

    Total RO  Size (Code + RO Data)                33444 (  32.66kB)
    Total RW  Size (RW Data + ZI Data)              3144 (   3.07kB)
    Total ROM Size (Code + RO Data + RW Data)      33460 (  32.68kB)

==============================================================================

