<html>
<body>
<pre>
<h1>µVision Build Log</h1>
<h2>Tool Versions:</h2>
IDE-Version: ¦ÌVision V5.41.0.0
Copyright (C) 2024 ARM Ltd and ARM Germany GmbH. All rights reserved.
License Information: 1 admin, 11, LIC=TIVNB-216SR-8TD3P-MPT2D-QH6EQ-4Q806
 
Tool Versions:
Toolchain:       MDK-ARM Plus  Version: 5.41.0.0
Toolchain Path:  C:\Users\admin\AppData\Local\Keil_v5\ARM\ARMCLANG\Bin
C Compiler:      ArmClang.exe V6.22
Assembler:       Armasm.exe V6.22
Linker/Locator:  ArmLink.exe V6.22
Library Manager: ArmAr.exe V6.22
Hex Converter:   FromElf.exe V6.22
CPU DLL:         
Dialog DLL:      
Target DLL:      CMSIS_AGDI_V8M.DLL V1.8.5.0
Dialog DLL:      TCM.DLL V1.56.4.0
 
<h2>Project:</h2>
C:\Users\admin\Desktop\GDE230C8T6\¿ªÔ´\GD32E230\Project.uvprojx
Project File Date:  04/20/2026

<h2>Output:</h2>
*** Using Compiler 'V6.22', folder: 'C:\Users\admin\AppData\Local\Keil_v5\ARM\ARMCLANG\Bin'
Rebuild target 'GD32E23x'
assembling startup_gd32e23x.s...
compiling gd32e23x_crc.c...
compiling gd32e23x_dma.c...
compiling gd32e23x_fmc.c...
compiling gd32e23x_gpio.c...
compiling gd32e23x_dbg.c...
compiling gd32e23x_pmu.c...
compiling gd32e23x_exti.c...
compiling gd32e23x_misc.c...
compiling gd32e23x_i2c.c...
compiling gd32e23x_cmp.c...
compiling system_gd32e23x.c...
compiling gd32e23x_fwdgt.c...
compiling gd32e23x_adc.c...
compiling gd32e23x_rcu.c...
compiling gd32e23x_rtc.c...
compiling gd32e23x_spi.c...
compiling gd32e23x_wwdgt.c...
compiling gd32e23x_usart.c...
compiling gd32e23x_syscfg.c...
compiling gd32e23x_timer.c...
compiling systick.c...
compiling RCU.c...
compiling Hardware_SPI.c...
compiling NorFlash_25Q.c...
compiling Software_IIC.C...
compiling TMP112.c...
compiling main.c...
compiling animation_demo.c...
Hardware/TFT_LCD/TFT_LCD.c(2): warning: In file included from...
Hardware/TFT_LCD\LCD_Font.h(4015): warning: excess elements in array initializer [-Wexcess-initializers]
 4015 | 0xff,0xff,0xff,0xff,0xff,0xff,0xff,0xff,0xff,0xff,0xff,0xff,0xff,0xff,0xff,0xff,
      | ^~~~
1 warning generated.
compiling TFT_LCD.c...
linking...
Program Size: Code=19546 RO-data=13898 RW-data=16 ZI-data=3128  
FromELF: creating hex file...
".\output\Project.axf" - 0 Error(s), 1 Warning(s).

<h2>Software Packages used:</h2>

Package Vendor: ARM
                https://www.keil.com/pack/ARM.CMSIS.6.1.0.pack
                ARM::CMSIS@6.1.0
                CMSIS (Common Microcontroller Software Interface Standard)
   * Component: CORE Version: 6.1.0

Package Vendor: GigaDevice
                http://gd32mcu.com/data/documents/pack/GigaDevice.GD32E23x_DFP.2.3.2.pack
                GigaDevice::GD32E23x_DFP@2.3.2
                GigaDevice GD32E23x Series Device Support and Examples

<h2>Collection of Component include folders:</h2>
  ./RTE/_GD32E23x
  C:/Users/admin/AppData/Local/Arm/Packs/ARM/CMSIS/6.1.0/CMSIS/Core/Include
  C:/Users/admin/AppData/Local/Arm/Packs/GigaDevice/GD32E23x_DFP/2.3.2/Device/Include

<h2>Collection of Component Files used:</h2>

   * Component: ARM::CMSIS:CORE@6.1.0
Build Time Elapsed:  00:00:03
</pre>
</body>
</html>
